<html>
<body>
<pre>
<h1>礦ision Build Log</h1>
<h2>Tool Versions:</h2>
IDE-Version: μVision V5.14.0.0
Copyright (C) 2015 ARM Ltd and ARM Germany GmbH. All rights reserved.
License Information: angus frost,  , LIC=NHY8T-RWI44-HPUZN-YWDAV-WSZ42-LSYLD
 
Tool Versions:
Toolchain:       MDK-ARM Professional  Version: 5.14.0.0
Toolchain Path:  C:\Keil_v5\ARM\ARMCC\Bin
C Compiler:      Armcc.exe V5.05 update 1 (build 106)
Assembler:       Armasm.exe V5.05 update 1 (build 106)
Linker/Locator:  ArmLink.exe V5.05 update 1 (build 106)
Library Manager: ArmAr.exe V5.05 update 1 (build 106)
Hex Converter:   FromElf.exe V5.05 update 1 (build 106)
CPU DLL:         SARMCM3.DLL V5.14.0.0
Dialog DLL:      DCM.DLL V1.13.1.0
Target DLL:      Segger\JL2CM3.dll V2.99.13.0
Dialog DLL:      TCM.DLL V1.14.4.0
 
<h2>Project:</h2>
D:\code\观测-祝1\星鳐水下观测机器人（修改）\USER\USART.uvprojx
Project File Date:  06/13/2019

<h2>Output:</h2>
Build target 'USART'
compiling main.c...
main.c(93): warning:  #167-D: argument of type "volatile uint8_t *" is incompatible with parameter of type "u8 *"
                        USART_TX_BUF_2[5]=do_crc(USART_TX_BUF, 24);
main.c(150): warning:  #167-D: argument of type "short *" is incompatible with parameter of type "uint16_t *"
                reversal(USART_TX_BUF_2+i);
main.c: 2 warnings, 0 errors
linking...
Program Size: Code=26494 RO-data=1306 RW-data=448 ZI-data=2248  
FromELF: creating hex file...
"..\OBJ\USART.axf" - 0 Error(s), 2 Warning(s).

<h2>Collection of Component include folders:</h2>
  D:\code\观测-祝1\星鳐水下观测机器人（修改）\USER\RTE
  C:\Keil_v5\ARM\PACK\Keil\STM32F1xx_DFP\1.0.5\Device\Include

<h2>Collection of Component Files used:</h2>
</pre>
</body>
</html>
