Component: ARM Compiler 5.05 update 1 (build 106) Tool: armlink [4d0efa]

==============================================================================

Section Cross References

    main.o(.text) refers to tasks.o(.text) for BSP_Int
    main.o(.text) refers to motor.o(.text) for Get_Adc_Average
    main.o(.text) refers to fflt_clz.o(x$fpl$ffltu) for __aeabi_ui2f
    main.o(.text) refers to fdiv.o(x$fpl$fdiv) for __aeabi_fdiv
    main.o(.text) refers to f2d.o(x$fpl$f2d) for __aeabi_f2d
    main.o(.text) refers to dmul.o(x$fpl$dmul) for __aeabi_dmul
    main.o(.text) refers to d2f.o(x$fpl$d2f) for __aeabi_d2f
    main.o(.text) refers to daddsub_clz.o(x$fpl$dsub) for __aeabi_dsub
    main.o(.text) refers to ddiv.o(x$fpl$ddiv) for __aeabi_ddiv
    main.o(.text) refers to frleqf.o(x$fpl$frleqf) for __aeabi_cfrcmple
    main.o(.text) refers to fmul.o(x$fpl$fmul) for __aeabi_fmul
    main.o(.text) refers to ffix.o(x$fpl$ffix) for __aeabi_f2iz
    main.o(.text) refers to ffixu.o(x$fpl$ffixu) for __aeabi_f2uiz
    main.o(.text) refers to protocol.o(.text) for do_crc
    main.o(.text) refers to stm32f10x_usart.o(.text) for USART_SendData
    main.o(.text) refers to uart.o(.bss) for USART_TX_BUF
    main.o(.text) refers to tasks.o(.data) for start
    main.o(.text) refers to stm32f10x_it.o(.data) for Count_10ms
    main.o(.text) refers to main.o(.data) for energe
    main.o(.text) refers to uart.o(.data) for com
    main.o(.text) refers to main.o(.bss) for USART_TX_BUF_2
    main.o(.text) refers to imu.o(.data) for Qx
    stm32f10x_it.o(.text) refers to feqf.o(x$fpl$feqf) for __aeabi_cfcmpeq
    stm32f10x_it.o(.text) refers to fleqf.o(x$fpl$fleqf) for __aeabi_cfcmple
    stm32f10x_it.o(.text) refers to faddsub_clz.o(x$fpl$fadd) for __aeabi_fadd
    stm32f10x_it.o(.text) refers to frleqf.o(x$fpl$frleqf) for __aeabi_cfrcmple
    stm32f10x_it.o(.text) refers to faddsub_clz.o(x$fpl$fsub) for __aeabi_fsub
    stm32f10x_it.o(.text) refers to tasks.o(.data) for Bsp_Int_Ok
    stm32f10x_it.o(.text) refers to timer3.o(.data) for Timer3_Count
    stm32f10x_it.o(.text) refers to stm32f10x_it.o(.data) for Count_10ms
    stm32f10x_it.o(.text) refers to control.o(.data) for throttle1
    system_stm32f10x.o(.text) refers to system_stm32f10x.o(.data) for SystemCoreClock
    control.o(.text) refers to dflt_clz.o(x$fpl$dfltu) for __aeabi_ui2d
    control.o(.text) refers to ddiv.o(x$fpl$ddiv) for __aeabi_ddiv
    control.o(.text) refers to d2f.o(x$fpl$d2f) for __aeabi_d2f
    control.o(.text) refers to fflt_clz.o(x$fpl$ffltu) for __aeabi_ui2f
    control.o(.text) refers to fmul.o(x$fpl$fmul) for __aeabi_fmul
    control.o(.text) refers to f2d.o(x$fpl$f2d) for __aeabi_f2d
    control.o(.text) refers to fflt_clz.o(x$fpl$fflt) for __aeabi_i2f
    control.o(.text) refers to faddsub_clz.o(x$fpl$fsub) for __aeabi_fsub
    control.o(.text) refers to frleqf.o(x$fpl$frleqf) for __aeabi_cfrcmple
    control.o(.text) refers to fleqf.o(x$fpl$fleqf) for __aeabi_cfcmple
    control.o(.text) refers to faddsub_clz.o(x$fpl$fadd) for __aeabi_fadd
    control.o(.text) refers to faddsub_clz.o(x$fpl$frsb) for __aeabi_frsub
    control.o(.text) refers to ffix.o(x$fpl$ffix) for __aeabi_f2iz
    control.o(.text) refers to uart.o(.bss) for Rx_Buffer1
    control.o(.text) refers to control.o(.data) for hp
    control.o(.text) refers to control.o(.bss) for depth
    control.o(.text) refers to uart.o(.data) for shendu_actual
    control.o(.text) refers to imu.o(.data) for Qz
    control.o(.text) refers to fdiv.o(x$fpl$fdiv) for __aeabi_fdiv
    imu.o(.text) refers to dflt_clz.o(x$fpl$dflt) for __aeabi_i2d
    imu.o(.text) refers to dmul.o(x$fpl$dmul) for __aeabi_dmul
    imu.o(.text) refers to d2f.o(x$fpl$d2f) for __aeabi_d2f
    imu.o(.text) refers to frleqf.o(x$fpl$frleqf) for __aeabi_cfrcmple
    imu.o(.text) refers to faddsub_clz.o(x$fpl$fsub) for __aeabi_fsub
    imu.o(.text) refers to faddsub_clz.o(x$fpl$fadd) for __aeabi_fadd
    imu.o(.text) refers to ffix.o(x$fpl$ffix) for __aeabi_f2iz
    imu.o(.text) refers to fmul.o(x$fpl$fmul) for __aeabi_fmul
    imu.o(.text) refers to fflt_clz.o(x$fpl$ffltu) for __aeabi_ui2f
    imu.o(.text) refers to fdiv.o(x$fpl$fdiv) for __aeabi_fdiv
    imu.o(.text) refers to uart.o(.bss) for Rx_Buffer2
    imu.o(.text) refers to imu.o(.data) for a
    imu.o(.text) refers to control.o(.data) for angle_actral
    imu.o(.text) refers to imu.o(.bss) for angle_f
    protocol.o(.text) refers to h1_alloc.o(.text) for malloc
    protocol.o(.text) refers to atof.o(i.atof) for atof
    protocol.o(.text) refers to d2f.o(x$fpl$d2f) for __aeabi_d2f
    protocol.o(.text) refers to h1_free.o(.text) for free
    protocol.o(.text) refers to uart.o(.bss) for Rx_Buffer3
    protocol.o(.text) refers to uart.o(.data) for temp
    protocol.o(.text) refers to protocol.o(.constdata) for CRC_H
    protocol.o(.text) refers to tasks.o(.data) for forward_c
    tasks.o(.text) refers to stm32f10x_usart.o(.text) for USART_SendData
[...]
    __ARM_use_no_argv                        0x00000000   Number         0  main.o ABSOLUTE
    __ARM_exceptions_init                     - Undefined Weak Reference
    __alloca_initialize                       - Undefined Weak Reference
    __arm_preinit_                            - Undefined Weak Reference
    __cpp_initialize__aeabi_                  - Undefined Weak Reference
    __cxa_finalize                            - Undefined Weak Reference
    __sigvec_lookup                           - Undefined Weak Reference
    __user_heap_extent                        - Undefined Weak Reference
    _atexit_init                              - Undefined Weak Reference
    _call_atexit_fns                          - Undefined Weak Reference
    _clock_init                               - Undefined Weak Reference
    _fp_trap_init                             - Undefined Weak Reference
    _fp_trap_shutdown                         - Undefined Weak Reference
    _get_lc_collate                           - Undefined Weak Reference
    _get_lc_monetary                          - Undefined Weak Reference
    _get_lc_time                              - Undefined Weak Reference
    _getenv_init                              - Undefined Weak Reference
    _handle_redirection                       - Undefined Weak Reference
    _initio                                   - Undefined Weak Reference
    _mutex_acquire                            - Undefined Weak Reference
    _mutex_free                               - Undefined Weak Reference
    _mutex_release                            - Undefined Weak Reference
    _rand_init                                - Undefined Weak Reference
    _signal_finish                            - Undefined Weak Reference
    _signal_init                              - Undefined Weak Reference
    _terminateio                              - Undefined Weak Reference
    __Vectors_Size                           0x00000130   Number         0  startup_stm32f10x_hd.o ABSOLUTE
    __Vectors                                0x08000000   Data           4  startup_stm32f10x_hd.o(RESET)
    __Vectors_End                            0x08000130   Data           0  startup_stm32f10x_hd.o(RESET)
    __main                                   0x08000131   Thumb Code     8  __main.o(!!!main)
    __scatterload                            0x08000139   Thumb Code     0  __scatter.o(!!!scatter)
    __scatterload_rt2                        0x08000139   Thumb Code    44  __scatter.o(!!!scatter)
    __scatterload_rt2_thumb_only             0x08000139   Thumb Code     0  __scatter.o(!!!scatter)
    __scatterload_null                       0x08000147   Thumb Code     0  __scatter.o(!!!scatter)
    __decompress                             0x0800016d   Thumb Code    58  __dczerorl.o(!!dczerorl)
    __decompress0                            0x0800016d   Thumb Code     0  __dczerorl.o(!!dczerorl)
    __scatterload_zeroinit                   0x080001a9   Thumb Code    28  __scatter_zi.o(!!handler_zi)
    __rt_lib_init                            0x080001c5   Thumb Code     0  libinit.o(.ARM.Collect$$libinit$$00000000)
    __rt_lib_init_fp_1                       0x080001c7   Thumb Code     0  libinit2.o(.ARM.Collect$$libinit$$00000002)
    __rt_lib_init_heap_2                     0x080001c7   Thumb Code     0  libinit2.o(.ARM.Collect$$libinit$$00000005)
    __rt_lib_init_preinit_1                  0x080001c7   Thumb Code     0  libinit2.o(.ARM.Collect$$libinit$$00000004)
    __rt_lib_init_heap_1                     0x080001cf   Thumb Code     0  libinit2.o(.ARM.Collect$$libinit$$0000000A)
    __rt_lib_init_lc_common                  0x080001cf   Thumb Code     0  libinit2.o(.ARM.Collect$$libinit$$0000000F)
    __rt_lib_init_rand_1                     0x080001cf   Thumb Code     0  libinit2.o(.ARM.Collect$$libinit$$0000000E)
    __rt_lib_init_user_alloc_1               0x080001cf   Thumb Code     0  libinit2.o(.ARM.Collect$$libinit$$0000000C)
    __rt_lib_init_lc_collate_1               0x080001d5   Thumb Code     0  libinit2.o(.ARM.Collect$$libinit$$00000011)
    __rt_lib_init_lc_ctype_2                 0x080001d5   Thumb Code     0  libinit2.o(.ARM.Collect$$libinit$$00000012)
    __rt_lib_init_lc_ctype_1                 0x080001e1   Thumb Code     0  libinit2.o(.ARM.Collect$$libinit$$00000013)
    __rt_lib_init_lc_monetary_1              0x080001e1   Thumb Code     0  libinit2.o(.ARM.Collect$$libinit$$00000015)
    __rt_lib_init_lc_numeric_2               0x080001e1   Thumb Code     0  libinit2.o(.ARM.Collect$$libinit$$00000016)
    __rt_lib_init_alloca_1                   0x080001eb   Thumb Code     0  libinit2.o(.ARM.Collect$$libinit$$0000002E)
    __rt_lib_init_argv_1                     0x080001eb   Thumb Code     0  libinit2.o(.ARM.Collect$$libinit$$0000002C)
    __rt_lib_init_atexit_1                   0x080001eb   Thumb Code     0  libinit2.o(.ARM.Collect$$libinit$$0000001B)
    __rt_lib_init_clock_1                    0x080001eb   Thumb Code     0  libinit2.o(.ARM.Collect$$libinit$$00000021)
    __rt_lib_init_cpp_1                      0x080001eb   Thumb Code     0  libinit2.o(.ARM.Collect$$libinit$$00000032)
    __rt_lib_init_exceptions_1               0x080001eb   Thumb Code     0  libinit2.o(.ARM.Collect$$libinit$$00000030)
    __rt_lib_init_fp_trap_1                  0x080001eb   Thumb Code     0  libinit2.o(.ARM.Collect$$libinit$$0000001F)
    __rt_lib_init_getenv_1                   0x080001eb   Thumb Code     0  libinit2.o(.ARM.Collect$$libinit$$00000023)
    __rt_lib_init_lc_numeric_1               0x080001eb   Thumb Code     0  libinit2.o(.ARM.Collect$$libinit$$00000017)
    __rt_lib_init_lc_time_1                  0x080001eb   Thumb Code     0  libinit2.o(.ARM.Collect$$libinit$$00000019)
    __rt_lib_init_return                     0x080001eb   Thumb Code     0  libinit2.o(.ARM.Collect$$libinit$$00000033)
    __rt_lib_init_signal_1                   0x080001eb   Thumb Code     0  libinit2.o(.ARM.Collect$$libinit$$0000001D)
    __rt_lib_init_stdio_1                    0x080001eb   Thumb Code     0  libinit2.o(.ARM.Collect$$libinit$$00000025)
    __rt_lib_shutdown                        0x080001ed   Thumb Code     0  libshutdown.o(.ARM.Collect$$libshutdown$$00000000)
    __rt_lib_shutdown_fp_trap_1              0x080001ef   Thumb Code     0  libshutdown2.o(.ARM.Collect$$libshutdown$$00000006)
    __rt_lib_shutdown_heap_1                 0x080001ef   Thumb Code     0  libshutdown2.o(.ARM.Collect$$libshutdown$$0000000E)
    __rt_lib_shutdown_return                 0x080001ef   Thumb Code     0  libshutdown2.o(.ARM.Collect$$libshutdown$$0000000F)
    __rt_lib_shutdown_signal_1               0x080001ef   Thumb Code     0  libshutdown2.o(.ARM.Collect$$libshutdown$$00000009)
    __rt_lib_shutdown_stdio_1                0x080001ef   Thumb Code     0  libshutdown2.o(.ARM.Collect$$libshutdown$$00000003)
    __rt_lib_shutdown_user_alloc_1           0x080001ef   Thumb Code     0  libshutdown2.o(.ARM.Collect$$libshutdown$$0000000B)
    __rt_entry                               0x080001f1   Thumb Code     0  __rtentry.o(.ARM.Collect$$rtentry$$00000000)
    __rt_entry_presh_1                       0x080001f1   Thumb Code     0  __rtentry2.o(.ARM.Collect$$rtentry$$00000002)
    __rt_entry_sh                            0x080001f1   Thumb Code     0  __rtentry4.o(.ARM.Collect$$rtentry$$00000004)
    __rt_entry_li                            0x080001f7   Thumb Code     0  __rtentry2.o(.ARM.Collect$$rtentry$$0000000A)
    __rt_entry_postsh_1                      0x080001f7   Thumb Code     0  __rtentry2.o(.ARM.Collect$$rtentry$$00000009)
    __rt_entry_main                          0x080001fb   Thumb Code     0  __rtentry2.o(.ARM.Collect$$rtentry$$0000000D)
    __rt_entry_postli_1                      0x080001fb   Thumb Code     0  __rtentry2.o(.ARM.Collect$$rtentry$$0000000C)
    __rt_exit                                0x08000203   Thumb Code     0  rtexit.o(.ARM.Collect$$rtexit$$00000000)
    __rt_exit_ls                             0x08000205   Thumb Code     0  rtexit2.o(.ARM.Collect$$rtexit$$00000003)
    __rt_exit_prels_1                        0x08000205   Thumb Code     0  rtexit2.o(.ARM.Collect$$rtexit$$00000002)
    __rt_exit_exit                           0x08000209   Thumb Code     0  rtexit2.o(.ARM.Collect$$rtexit$$00000004)
    CabinMessage                             0x08000211   Thumb Code   138  main.o(.text)
    _maybe_terminate_alloc                   0x08000211   Thumb Code     0  maybetermalloc1.o(.emb_text)
    main                                     0x0800029b   Thumb Code   522  main.o(.text)
    reversal                                 0x080004a5   Thumb Code    36  main.o(.text)
    reversal_all                             0x080004c9   Thumb Code    24  main.o(.text)
    TIM3_IRQHandler                          0x08000551   Thumb Code   364  stm32f10x_it.o(.text)
    NMI_Handler                              0x080006bd   Thumb Code     2  stm32f10x_it.o(.text)
    HardFault_Handler                        0x080006bf   Thumb Code     4  stm32f10x_it.o(.text)
    MemManage_Handler                        0x080006c3   Thumb Code     4  stm32f10x_it.o(.text)
    BusFault_Handler                         0x080006c7   Thumb Code     4  stm32f10x_it.o(.text)
    UsageFault_Handler                       0x080006cb   Thumb Code     4  stm32f10x_it.o(.text)
    SVC_Handler                              0x080006cf   Thumb Code     2  stm32f10x_it.o(.text)
    DebugMon_Handler                         0x080006d1   Thumb Code     2  stm32f10x_it.o(.text)
    PendSV_Handler                           0x080006d3   Thumb Code     2  stm32f10x_it.o(.text)
    SysTick_Handler                          0x080006d5   Thumb Code     2  stm32f10x_it.o(.text)
    SystemInit                               0x080007eb   Thumb Code    78  system_stm32f10x.o(.text)
    SystemCoreClockUpdate                    0x08000839   Thumb Code   142  system_stm32f10x.o(.text)
    PID_Init                                 0x080008ed   Thumb Code   256  control.o(.text)
    depth_control                            0x080009ed   Thumb Code   444  control.o(.text)
    Heading_control                          0x08000ba9   Thumb Code   974  control.o(.text)
    CK_Check                                 0x08000f95   Thumb Code    28  imu.o(.text)
    IMU_Get                                  0x08000fb1   Thumb Code   626  imu.o(.text)
    Depthgauge_Get                           0x08001261   Thumb Code   152  protocol.o(.text)
    do_crc                                   0x080012f9   Thumb Code    52  protocol.o(.text)
    Order_Get                                0x0800132d   Thumb Code   174  protocol.o(.text)
    bond_change                              0x08001405   Thumb Code   172  tasks.o(.text)
    Nvic_Init                                0x080014b1   Thumb Code   126  tasks.o(.text)
    BSP_Int                                  0x0800152f   Thumb Code    84  tasks.o(.text)
    duoji_contro                             0x08001583   Thumb Code    82  tasks.o(.text)
    Task_100HZ                               0x080015d5   Thumb Code   250  tasks.o(.text)
    Task_20HZ                                0x080016cf   Thumb Code    14  tasks.o(.text)
    Motor_Init                               0x08001863   Thumb Code    80  motor.o(.text)
    Motor                                    0x080018b3   Thumb Code   266  motor.o(.text)
    sevro_motor                              0x080019bd   Thumb Code    32  motor.o(.text)
    light                                    0x080019dd   Thumb Code    48  motor.o(.text)
    ad                                       0x08001a0d   Thumb Code   132  motor.o(.text)
    Get_Adc                                  0x08001a91   Thumb Code    46  motor.o(.text)
    Get_Adc_Average                          0x08001abf   Thumb Code    46  motor.o(.text)
    Timer3_Init                              0x08001b1d   Thumb Code    86  timer3.o(.text)
    Debug_Pin_Init                           0x08001b73   Thumb Code    56  timer3.o(.text)
    _sys_exit                                0x08001bbd   Thumb Code     4  uart.o(.text)
    fputc                                    0x08001bc1   Thumb Code    24  uart.o(.text)
    _ttywrch                                 0x08001bd9   Thumb Code     4  uart.o(.text)
    Uart1_Init                               0x08001bdd   Thumb Code   124  uart.o(.text)
    USART1_IRQHandler                        0x08001c59   Thumb Code   150  uart.o(.text)
    Uart3_Init                               0x08001cef   Thumb Code   136  uart.o(.text)
    USART3_IRQHandler                        0x08001d77   Thumb Code   162  uart.o(.text)
    Uart2_Init                               0x08001e19   Thumb Code   132  uart.o(.text)
    USART2_IRQHandler                        0x08001e9d   Thumb Code   114  uart.o(.text)
    delay_init                               0x08001f4d   Thumb Code    50  delay.o(.text)
    delay_us                                 0x08001f7f   Thumb Code    72  delay.o(.text)
    delay_ms                                 0x08001fc7   Thumb Code    72  delay.o(.text)
    Reset_Handler                            0x08002021   Thumb Code     8  startup_stm32f10x_hd.o(.text)
    ADC1_2_IRQHandler                        0x0800203b   Thumb Code     0  startup_stm32f10x_hd.o(.text)
    ADC3_IRQHandler                          0x0800203b   Thumb Code     0  startup_stm32f10x_hd.o(.text)
    CAN1_RX1_IRQHandler                      0x0800203b   Thumb Code     0  startup_stm32f10x_hd.o(.text)
    CAN1_SCE_IRQHandler                      0x0800203b   Thumb Code     0  startup_stm32f10x_hd.o(.text)
    DMA1_Channel1_IRQHandler                 0x0800203b   Thumb Code     0  startup_stm32f10x_hd.o(.text)
    DMA1_Channel2_IRQHandler                 0x0800203b   Thumb Code     0  startup_stm32f10x_hd.o(.text)
    DMA1_Channel3_IRQHandler                 0x0800203b   Thumb Code     0  startup_stm32f10x_hd.o(.text)
    DMA1_Channel4_IRQHandler                 0x0800203b   Thumb Code     0  startup_stm32f10x_hd.o(.text)
    DMA1_Channel5_IRQHandler                 0x0800203b   Thumb Code     0  startup_stm32f10x_hd.o(.text)
    DMA1_Channel6_IRQHandler                 0x0800203b   Thumb Code     0  startup_stm32f10x_hd.o(.text)
    DMA1_Channel7_IRQHandler                 0x0800203b   Thumb Code     0  startup_stm32f10x_hd.o(.text)
    DMA2_Channel1_IRQHandler                 0x0800203b   Thumb Code     0  startup_stm32f10x_hd.o(.text)
    DMA2_Channel2_IRQHandler                 0x0800203b   Thumb Code     0  startup_stm32f10x_hd.o(.text)
    DMA2_Channel3_IRQHandler                 0x0800203b   Thumb Code     0  startup_stm32f10x_hd.o(.text)
    DMA2_Channel4_5_IRQHandler               0x0800203b   Thumb Code     0  startup_stm32f10x_hd.o(.text)
    EXTI0_IRQHandler                         0x0800203b   Thumb Code     0  startup_stm32f10x_hd.o(.text)
    EXTI15_10_IRQHandler                     0x0800203b   Thumb Code     0  startup_stm32f10x_hd.o(.text)
    EXTI1_IRQHandler                         0x0800203b   Thumb Code     0  startup_stm32f10x_hd.o(.text)
    EXTI2_IRQHandler                         0x0800203b   Thumb Code     0  startup_stm32f10x_hd.o(.text)
    EXTI3_IRQHandler                         0x0800203b   Thumb Code     0  startup_stm32f10x_hd.o(.text)
    EXTI4_IRQHandler                         0x0800203b   Thumb Code     0  startup_stm32f10x_hd.o(.text)
    EXTI9_5_IRQHandler                       0x0800203b   Thumb Code     0  startup_stm32f10x_hd.o(.text)
    FLASH_IRQHandler                         0x0800203b   Thumb Code     0  startup_stm32f10x_hd.o(.text)
    FSMC_IRQHandler                          0x0800203b   Thumb Code     0  startup_stm32f10x_hd.o(.text)
    I2C1_ER_IRQHandler                       0x0800203b   Thumb Code     0  startup_stm32f10x_hd.o(.text)
    I2C1_EV_IRQHandler                       0x0800203b   Thumb Code     0  startup_stm32f10x_hd.o(.text)
    I2C2_ER_IRQHandler                       0x0800203b   Thumb Code     0  startup_stm32f10x_hd.o(.text)
    I2C2_EV_IRQHandler                       0x0800203b   Thumb Code     0  startup_stm32f10x_hd.o(.text)
    PVD_IRQHandler                           0x0800203b   Thumb Code     0  startup_stm32f10x_hd.o(.text)
    RCC_IRQHandler                           0x0800203b   Thumb Code     0  startup_stm32f10x_hd.o(.text)
    RTCAlarm_IRQHandler                      0x0800203b   Thumb Code     0  startup_stm32f10x_hd.o(.text)
    RTC_IRQHandler                           0x0800203b   Thumb Code     0  startup_stm32f10x_hd.o(.text)
    SDIO_IRQHandler                          0x0800203b   Thumb Code     0  startup_stm32f10x_hd.o(.text)
    SPI1_IRQHandler                          0x0800203b   Thumb Code     0  startup_stm32f10x_hd.o(.text)
    SPI2_IRQHandler                          0x0800203b   Thumb Code     0  startup_stm32f10x_hd.o(.text)
    SPI3_IRQHandler                          0x0800203b   Thumb Code     0  startup_stm32f10x_hd.o(.text)
    TAMPER_IRQHandler                        0x0800203b   Thumb Code     0  startup_stm32f10x_hd.o(.text)
    TIM1_BRK_IRQHandler                      0x0800203b   Thumb Code     0  startup_stm32f10x_hd.o(.text)
    TIM1_CC_IRQHandler                       0x0800203b   Thumb Code     0  startup_stm32f10x_hd.o(.text)
    TIM1_TRG_COM_IRQHandler                  0x0800203b   Thumb Code     0  startup_stm32f10x_hd.o(.text)
    TIM1_UP_IRQHandler                       0x0800203b   Thumb Code     0  startup_stm32f10x_hd.o(.text)
    TIM2_IRQHandler                          0x0800203b   Thumb Code     0  startup_stm32f10x_hd.o(.text)
    TIM4_IRQHandler                          0x0800203b   Thumb Code     0  startup_stm32f10x_hd.o(.text)
    TIM5_IRQHandler                          0x0800203b   Thumb Code     0  startup_stm32f10x_hd.o(.text)
    TIM6_IRQHandler                          0x0800203b   Thumb Code     0  startup_stm32f10x_hd.o(.text)
    TIM7_IRQHandler                          0x0800203b   Thumb Code     0  startup_stm32f10x_hd.o(.text)
    TIM8_BRK_IRQHandler                      0x0800203b   Thumb Code     0  startup_stm32f10x_hd.o(.text)
    TIM8_CC_IRQHandler                       0x0800203b   Thumb Code     0  startup_stm32f10x_hd.o(.text)
    TIM8_TRG_COM_IRQHandler                  0x0800203b   Thumb Code     0  startup_stm32f10x_hd.o(.text)
    TIM8_UP_IRQHandler                       0x0800203b   Thumb Code     0  startup_stm32f10x_hd.o(.text)
    UART4_IRQHandler                         0x0800203b   Thumb Code     0  startup_stm32f10x_hd.o(.text)
    UART5_IRQHandler                         0x0800203b   Thumb Code     0  startup_stm32f10x_hd.o(.text)
    USBWakeUp_IRQHandler                     0x0800203b   Thumb Code     0  startup_stm32f10x_hd.o(.text)
    USB_HP_CAN1_TX_IRQHandler                0x0800203b   Thumb Code     0  startup_stm32f10x_hd.o(.text)
    USB_LP_CAN1_RX0_IRQHandler               0x0800203b   Thumb Code     0  startup_stm32f10x_hd.o(.text)
    WWDG_IRQHandler                          0x0800203b   Thumb Code     0  startup_stm32f10x_hd.o(.text)
    __user_initial_stackheap                 0x0800203d   Thumb Code     0  startup_stm32f10x_hd.o(.text)
    NVIC_PriorityGroupConfig                 0x08002061   Thumb Code    10  misc.o(.text)
    NVIC_Init                                0x0800206b   Thumb Code   100  misc.o(.text)
    NVIC_SetVectorTable                      0x080020cf   Thumb Code    14  misc.o(.text)
    NVIC_SystemLPConfig                      0x080020dd   Thumb Code    34  misc.o(.text)
    SysTick_CLKSourceConfig                  0x080020ff   Thumb Code    40  misc.o(.text)
    GPIO_DeInit                              0x0800213d   Thumb Code   172  stm32f10x_gpio.o(.text)
    GPIO_AFIODeInit                          0x080021e9   Thumb Code    20  stm32f10x_gpio.o(.text)
    GPIO_Init                                0x080021fd   Thumb Code   278  stm32f10x_gpio.o(.text)
    GPIO_StructInit                          0x08002313   Thumb Code    16  stm32f10x_gpio.o(.text)
    GPIO_ReadInputDataBit                    0x08002323   Thumb Code    18  stm32f10x_gpio.o(.text)
    GPIO_ReadInputData                       0x08002335   Thumb Code     8  stm32f10x_gpio.o(.text)
    GPIO_ReadOutputDataBit                   0x0800233d   Thumb Code    18  stm32f10x_gpio.o(.text)
    GPIO_ReadOutputData                      0x0800234f   Thumb Code     8  stm32f10x_gpio.o(.text)
    GPIO_SetBits                             0x08002357   Thumb Code     4  stm32f10x_gpio.o(.text)
    GPIO_ResetBits                           0x0800235b   Thumb Code     4  stm32f10x_gpio.o(.text)
    GPIO_WriteBit                            0x0800235f   Thumb Code    10  stm32f10x_gpio.o(.text)
    GPIO_Write                               0x08002369   Thumb Code     4  stm32f10x_gpio.o(.text)
    GPIO_PinLockConfig                       0x0800236d   Thumb Code    18  stm32f10x_gpio.o(.text)
    GPIO_EventOutputConfig                   0x0800237f   Thumb Code    26  stm32f10x_gpio.o(.text)
    GPIO_EventOutputCmd                      0x08002399   Thumb Code     6  stm32f10x_gpio.o(.text)
    GPIO_PinRemapConfig                      0x0800239f   Thumb Code   138  stm32f10x_gpio.o(.text)
    GPIO_EXTILineConfig                      0x08002429   Thumb Code    66  stm32f10x_gpio.o(.text)
    GPIO_ETH_MediaInterfaceConfig            0x0800246b   Thumb Code     8  stm32f10x_gpio.o(.text)
    RCC_DeInit                               0x08002499   Thumb Code    64  stm32f10x_rcc.o(.text)
    RCC_HSEConfig                            0x080024d9   Thumb Code    70  stm32f10x_rcc.o(.text)
    RCC_GetFlagStatus                        0x0800251f   Thumb Code    56  stm32f10x_rcc.o(.text)
    RCC_WaitForHSEStartUp                    0x08002557   Thumb Code    56  stm32f10x_rcc.o(.text)
    RCC_AdjustHSICalibrationValue            0x0800258f   Thumb Code    20  stm32f10x_rcc.o(.text)
    RCC_HSICmd                               0x080025a3   Thumb Code     6  stm32f10x_rcc.o(.text)
    RCC_PLLConfig                            0x080025a9   Thumb Code    24  stm32f10x_rcc.o(.text)
    RCC_PLLCmd                               0x080025c1   Thumb Code     6  stm32f10x_rcc.o(.text)
    RCC_SYSCLKConfig                         0x080025c7   Thumb Code    18  stm32f10x_rcc.o(.text)
    RCC_GetSYSCLKSource                      0x080025d9   Thumb Code    10  stm32f10x_rcc.o(.text)
    RCC_HCLKConfig                           0x080025e3   Thumb Code    18  stm32f10x_rcc.o(.text)
    RCC_PCLK1Config                          0x080025f5   Thumb Code    18  stm32f10x_rcc.o(.text)
    RCC_PCLK2Config                          0x08002607   Thumb Code    20  stm32f10x_rcc.o(.text)
    RCC_ITConfig                             0x0800261b   Thumb Code    26  stm32f10x_rcc.o(.text)
    RCC_USBCLKConfig                         0x08002635   Thumb Code     8  stm32f10x_rcc.o(.text)
    RCC_ADCCLKConfig                         0x0800263d   Thumb Code    18  stm32f10x_rcc.o(.text)
    RCC_LSEConfig                            0x0800264f   Thumb Code    50  stm32f10x_rcc.o(.text)
    RCC_LSICmd                               0x08002681   Thumb Code     6  stm32f10x_rcc.o(.text)
    RCC_RTCCLKConfig                         0x08002687   Thumb Code    12  stm32f10x_rcc.o(.text)
    RCC_RTCCLKCmd                            0x08002693   Thumb Code     8  stm32f10x_rcc.o(.text)
    RCC_GetClocksFreq                        0x0800269b   Thumb Code   192  stm32f10x_rcc.o(.text)
    RCC_AHBPeriphClockCmd                    0x0800275b   Thumb Code    26  stm32f10x_rcc.o(.text)
    RCC_APB2PeriphClockCmd                   0x08002775   Thumb Code    26  stm32f10x_rcc.o(.text)
    RCC_APB1PeriphClockCmd                   0x0800278f   Thumb Code    26  stm32f10x_rcc.o(.text)
    RCC_APB2PeriphResetCmd                   0x080027a9   Thumb Code    26  stm32f10x_rcc.o(.text)
    RCC_APB1PeriphResetCmd                   0x080027c3   Thumb Code    26  stm32f10x_rcc.o(.text)
    RCC_BackupResetCmd                       0x080027dd   Thumb Code     8  stm32f10x_rcc.o(.text)
    RCC_ClockSecuritySystemCmd               0x080027e5   Thumb Code     6  stm32f10x_rcc.o(.text)
    RCC_MCOConfig                            0x080027eb   Thumb Code     6  stm32f10x_rcc.o(.text)
    RCC_ClearFlag                            0x080027f1   Thumb Code    14  stm32f10x_rcc.o(.text)
    RCC_GetITStatus                          0x080027ff   Thumb Code    20  stm32f10x_rcc.o(.text)
    RCC_ClearITPendingBit                    0x08002813   Thumb Code     6  stm32f10x_rcc.o(.text)
    USART_DeInit                             0x0800283d   Thumb Code   134  stm32f10x_usart.o(.text)
    USART_Init                               0x080028c3   Thumb Code   210  stm32f10x_usart.o(.text)
    USART_StructInit                         0x08002995   Thumb Code    24  stm32f10x_usart.o(.text)
    USART_ClockInit                          0x080029ad   Thumb Code    34  stm32f10x_usart.o(.text)
    USART_ClockStructInit                    0x080029cf   Thumb Code    12  stm32f10x_usart.o(.text)
    USART_Cmd                                0x080029db   Thumb Code    24  stm32f10x_usart.o(.text)
    USART_ITConfig                           0x080029f3   Thumb Code    74  stm32f10x_usart.o(.text)
    USART_DMACmd                             0x08002a3d   Thumb Code    18  stm32f10x_usart.o(.text)
    USART_SetAddress                         0x08002a4f   Thumb Code    18  stm32f10x_usart.o(.text)
    USART_WakeUpConfig                       0x08002a61   Thumb Code    18  stm32f10x_usart.o(.text)
    USART_ReceiverWakeUpCmd                  0x08002a73   Thumb Code    24  stm32f10x_usart.o(.text)
    USART_LINBreakDetectLengthConfig         0x08002a8b   Thumb Code    18  stm32f10x_usart.o(.text)
    USART_LINCmd                             0x08002a9d   Thumb Code    24  stm32f10x_usart.o(.text)
    USART_SendData                           0x08002ab5   Thumb Code     8  stm32f10x_usart.o(.text)
    USART_ReceiveData                        0x08002abd   Thumb Code    10  stm32f10x_usart.o(.text)
    USART_SendBreak                          0x08002ac7   Thumb Code    10  stm32f10x_usart.o(.text)
    USART_SetGuardTime                       0x08002ad1   Thumb Code    16  stm32f10x_usart.o(.text)
    USART_SetPrescaler                       0x08002ae1   Thumb Code    16  stm32f10x_usart.o(.text)
    USART_SmartCardCmd                       0x08002af1   Thumb Code    24  stm32f10x_usart.o(.text)
    USART_SmartCardNACKCmd                   0x08002b09   Thumb Code    24  stm32f10x_usart.o(.text)
    USART_HalfDuplexCmd                      0x08002b21   Thumb Code    24  stm32f10x_usart.o(.text)
    USART_OverSampling8Cmd                   0x08002b39   Thumb Code    22  stm32f10x_usart.o(.text)
    USART_OneBitMethodCmd                    0x08002b4f   Thumb Code    24  stm32f10x_usart.o(.text)
    USART_IrDAConfig                         0x08002b67   Thumb Code    18  stm32f10x_usart.o(.text)
    USART_IrDACmd                            0x08002b79   Thumb Code    24  stm32f10x_usart.o(.text)
    USART_GetFlagStatus                      0x08002b91   Thumb Code    26  stm32f10x_usart.o(.text)
    USART_ClearFlag                          0x08002bab   Thumb Code    18  stm32f10x_usart.o(.text)
    USART_GetITStatus                        0x08002bbd   Thumb Code    84  stm32f10x_usart.o(.text)
    USART_ClearITPendingBit                  0x08002c11   Thumb Code    52  stm32f10x_usart.o(.text)
    ADC_DeInit                               0x08002c45   Thumb Code    78  stm32f10x_adc.o(.text)
    ADC_Init                                 0x08002c93   Thumb Code    70  stm32f10x_adc.o(.text)
    ADC_StructInit                           0x08002cd9   Thumb Code    18  stm32f10x_adc.o(.text)
    ADC_Cmd                                  0x08002ceb   Thumb Code    22  stm32f10x_adc.o(.text)
    ADC_DMACmd                               0x08002d01   Thumb Code    22  stm32f10x_adc.o(.text)
    ADC_ITConfig                             0x08002d17   Thumb Code    24  stm32f10x_adc.o(.text)
    ADC_ResetCalibration                     0x08002d2f   Thumb Code    10  stm32f10x_adc.o(.text)
    ADC_GetResetCalibrationStatus            0x08002d39   Thumb Code    20  stm32f10x_adc.o(.text)
    ADC_StartCalibration                     0x08002d4d   Thumb Code    10  stm32f10x_adc.o(.text)
    ADC_GetCalibrationStatus                 0x08002d57   Thumb Code    20  stm32f10x_adc.o(.text)
    ADC_SoftwareStartConvCmd                 0x08002d6b   Thumb Code    22  stm32f10x_adc.o(.text)
    ADC_GetSoftwareStartConvStatus           0x08002d81   Thumb Code    20  stm32f10x_adc.o(.text)
    ADC_DiscModeChannelCountConfig           0x08002d95   Thumb Code    24  stm32f10x_adc.o(.text)
    ADC_DiscModeCmd                          0x08002dad   Thumb Code    22  stm32f10x_adc.o(.text)
    ADC_RegularChannelConfig                 0x08002dc3   Thumb Code   184  stm32f10x_adc.o(.text)
    ADC_ExternalTrigConvCmd                  0x08002e7b   Thumb Code    22  stm32f10x_adc.o(.text)
    ADC_GetConversionValue                   0x08002e91   Thumb Code     8  stm32f10x_adc.o(.text)
    ADC_GetDualModeConversionValue           0x08002e99   Thumb Code     8  stm32f10x_adc.o(.text)
    ADC_AutoInjectedConvCmd                  0x08002ea1   Thumb Code    22  stm32f10x_adc.o(.text)
    ADC_InjectedDiscModeCmd                  0x08002eb7   Thumb Code    22  stm32f10x_adc.o(.text)
    ADC_ExternalTrigInjectedConvConfig       0x08002ecd   Thumb Code    16  stm32f10x_adc.o(.text)
    ADC_ExternalTrigInjectedConvCmd          0x08002edd   Thumb Code    22  stm32f10x_adc.o(.text)
    ADC_SoftwareStartInjectedConvCmd         0x08002ef3   Thumb Code    22  stm32f10x_adc.o(.text)
    ADC_GetSoftwareStartInjectedConvCmdStatus 0x08002f09   Thumb Code    20  stm32f10x_adc.o(.text)
    ADC_InjectedChannelConfig                0x08002f1d   Thumb Code   130  stm32f10x_adc.o(.text)
    ADC_InjectedSequencerLengthConfig        0x08002f9f   Thumb Code    24  stm32f10x_adc.o(.text)
    ADC_SetInjectedOffset                    0x08002fb7   Thumb Code    20  stm32f10x_adc.o(.text)
    ADC_GetInjectedConversionValue           0x08002fcb   Thumb Code    28  stm32f10x_adc.o(.text)
    ADC_AnalogWatchdogCmd                    0x08002fe7   Thumb Code    16  stm32f10x_adc.o(.text)
    ADC_AnalogWatchdogThresholdsConfig       0x08002ff7   Thumb Code     6  stm32f10x_adc.o(.text)
    ADC_AnalogWatchdogSingleChannelConfig    0x08002ffd   Thumb Code    16  stm32f10x_adc.o(.text)
    ADC_TempSensorVrefintCmd                 0x0800300d   Thumb Code    64  stm32f10x_adc.o(.text)
    ADC_GetFlagStatus                        0x0800304d   Thumb Code    18  stm32f10x_adc.o(.text)
    ADC_ClearFlag                            0x0800305f   Thumb Code     6  stm32f10x_adc.o(.text)
    ADC_GetITStatus                          0x08003065   Thumb Code    36  stm32f10x_adc.o(.text)
    ADC_ClearITPendingBit                    0x08003089   Thumb Code    10  stm32f10x_adc.o(.text)
    TIM_DeInit                               0x08003095   Thumb Code   424  stm32f10x_tim.o(.text)
    TIM_TimeBaseInit                         0x0800323d   Thumb Code   122  stm32f10x_tim.o(.text)
    TIM_OC1Init                              0x080032b7   Thumb Code   132  stm32f10x_tim.o(.text)
    TIM_OC2Init                              0x0800333b   Thumb Code   154  stm32f10x_tim.o(.text)
    TIM_OC3Init                              0x080033d5   Thumb Code   150  stm32f10x_tim.o(.text)
    TIM_OC4Init                              0x0800346b   Thumb Code   182  stm32f10x_tim.o(.text)
    TIM_SetIC4Prescaler                      0x08003521   Thumb Code    26  stm32f10x_tim.o(.text)
    TIM_SetIC3Prescaler                      0x080035bd   Thumb Code    18  stm32f10x_tim.o(.text)
    TIM_SetIC2Prescaler                      0x08003649   Thumb Code    26  stm32f10x_tim.o(.text)
    TIM_SetIC1Prescaler                      0x080036e5   Thumb Code    18  stm32f10x_tim.o(.text)
    TIM_ICInit                               0x08003763   Thumb Code   150  stm32f10x_tim.o(.text)
    TIM_PWMIConfig                           0x080037f9   Thumb Code   124  stm32f10x_tim.o(.text)
    TIM_BDTRConfig                           0x08003875   Thumb Code    32  stm32f10x_tim.o(.text)
    TIM_TimeBaseStructInit                   0x08003895   Thumb Code    18  stm32f10x_tim.o(.text)
    TIM_OCStructInit                         0x080038a7   Thumb Code    20  stm32f10x_tim.o(.text)
    TIM_ICStructInit                         0x080038bb   Thumb Code    18  stm32f10x_tim.o(.text)
    TIM_BDTRStructInit                       0x080038cd   Thumb Code    40  stm32f10x_tim.o(.text)
    TIM_Cmd                                  0x080038f5   Thumb Code    24  stm32f10x_tim.o(.text)
    TIM_CtrlPWMOutputs                       0x0800390d   Thumb Code    30  stm32f10x_tim.o(.text)
    TIM_ITConfig                             0x0800392b   Thumb Code    18  stm32f10x_tim.o(.text)
    TIM_GenerateEvent                        0x0800393d   Thumb Code     4  stm32f10x_tim.o(.text)
    TIM_DMAConfig                            0x08003941   Thumb Code    10  stm32f10x_tim.o(.text)
    TIM_DMACmd                               0x0800394b   Thumb Code    18  stm32f10x_tim.o(.text)
    TIM_InternalClockConfig                  0x0800395d   Thumb Code    12  stm32f10x_tim.o(.text)
    TIM_SelectInputTrigger                   0x08003969   Thumb Code    18  stm32f10x_tim.o(.text)
    TIM_ITRxExternalClockConfig              0x0800397b   Thumb Code    24  stm32f10x_tim.o(.text)
    TIM_TIxExternalClockConfig               0x08003993   Thumb Code    62  stm32f10x_tim.o(.text)
    TIM_ETRConfig                            0x080039d1   Thumb Code    28  stm32f10x_tim.o(.text)
    TIM_ETRClockMode1Config                  0x080039ed   Thumb Code    54  stm32f10x_tim.o(.text)
    TIM_ETRClockMode2Config                  0x08003a23   Thumb Code    32  stm32f10x_tim.o(.text)
    TIM_PrescalerConfig                      0x08003a43   Thumb Code     6  stm32f10x_tim.o(.text)
    TIM_CounterModeConfig                    0x08003a49   Thumb Code    18  stm32f10x_tim.o(.text)
    TIM_EncoderInterfaceConfig               0x08003a5b   Thumb Code    66  stm32f10x_tim.o(.text)
    TIM_ForcedOC1Config                      0x08003a9d   Thumb Code    18  stm32f10x_tim.o(.text)
    TIM_ForcedOC2Config                      0x08003aaf   Thumb Code    26  stm32f10x_tim.o(.text)
    TIM_ForcedOC3Config                      0x08003ac9   Thumb Code    18  stm32f10x_tim.o(.text)
    TIM_ForcedOC4Config                      0x08003adb   Thumb Code    26  stm32f10x_tim.o(.text)
    TIM_ARRPreloadConfig                     0x08003af5   Thumb Code    24  stm32f10x_tim.o(.text)
    TIM_SelectCOM                            0x08003b0d   Thumb Code    24  stm32f10x_tim.o(.text)
    TIM_SelectCCDMA                          0x08003b25   Thumb Code    24  stm32f10x_tim.o(.text)
    TIM_CCPreloadControl                     0x08003b3d   Thumb Code    24  stm32f10x_tim.o(.text)
    TIM_OC1PreloadConfig                     0x08003b55   Thumb Code    18  stm32f10x_tim.o(.text)
    TIM_OC2PreloadConfig                     0x08003b67   Thumb Code    26  stm32f10x_tim.o(.text)
    TIM_OC3PreloadConfig                     0x08003b81   Thumb Code    18  stm32f10x_tim.o(.text)
    TIM_OC4PreloadConfig                     0x08003b93   Thumb Code    26  stm32f10x_tim.o(.text)
    TIM_OC1FastConfig                        0x08003bad   Thumb Code    18  stm32f10x_tim.o(.text)
    TIM_OC2FastConfig                        0x08003bbf   Thumb Code    26  stm32f10x_tim.o(.text)
    TIM_OC3FastConfig                        0x08003bd9   Thumb Code    18  stm32f10x_tim.o(.text)
    TIM_OC4FastConfig                        0x08003beb   Thumb Code    26  stm32f10x_tim.o(.text)
    TIM_ClearOC1Ref                          0x08003c05   Thumb Code    18  stm32f10x_tim.o(.text)
    TIM_ClearOC2Ref                          0x08003c17   Thumb Code    24  stm32f10x_tim.o(.text)
    TIM_ClearOC3Ref                          0x08003c2f   Thumb Code    18  stm32f10x_tim.o(.text)
    TIM_ClearOC4Ref                          0x08003c41   Thumb Code    24  stm32f10x_tim.o(.text)
    TIM_OC1PolarityConfig                    0x08003c59   Thumb Code    18  stm32f10x_tim.o(.text)
    TIM_OC1NPolarityConfig                   0x08003c6b   Thumb Code    18  stm32f10x_tim.o(.text)
    TIM_OC2PolarityConfig                    0x08003c7d   Thumb Code    26  stm32f10x_tim.o(.text)
    TIM_OC2NPolarityConfig                   0x08003c97   Thumb Code    26  stm32f10x_tim.o(.text)
    TIM_OC3PolarityConfig                    0x08003cb1   Thumb Code    26  stm32f10x_tim.o(.text)
    TIM_OC3NPolarityConfig                   0x08003ccb   Thumb Code    26  stm32f10x_tim.o(.text)
    TIM_OC4PolarityConfig                    0x08003ce5   Thumb Code    26  stm32f10x_tim.o(.text)
    TIM_CCxCmd                               0x08003cff   Thumb Code    30  stm32f10x_tim.o(.text)
    TIM_CCxNCmd                              0x08003d1d   Thumb Code    30  stm32f10x_tim.o(.text)
    TIM_SelectOCxM                           0x08003d3b   Thumb Code    82  stm32f10x_tim.o(.text)
    TIM_UpdateDisableConfig                  0x08003d8d   Thumb Code    24  stm32f10x_tim.o(.text)
    TIM_UpdateRequestConfig                  0x08003da5   Thumb Code    24  stm32f10x_tim.o(.text)
    TIM_SelectHallSensor                     0x08003dbd   Thumb Code    24  stm32f10x_tim.o(.text)
    TIM_SelectOnePulseMode                   0x08003dd5   Thumb Code    18  stm32f10x_tim.o(.text)
    TIM_SelectOutputTrigger                  0x08003de7   Thumb Code    18  stm32f10x_tim.o(.text)
    TIM_SelectSlaveMode                      0x08003df9   Thumb Code    18  stm32f10x_tim.o(.text)
    TIM_SelectMasterSlaveMode                0x08003e0b   Thumb Code    18  stm32f10x_tim.o(.text)
    TIM_SetCounter                           0x08003e1d   Thumb Code     4  stm32f10x_tim.o(.text)
    TIM_SetAutoreload                        0x08003e21   Thumb Code     4  stm32f10x_tim.o(.text)
    TIM_SetCompare1                          0x08003e25   Thumb Code     4  stm32f10x_tim.o(.text)
    TIM_SetCompare2                          0x08003e29   Thumb Code     4  stm32f10x_tim.o(.text)
    TIM_SetCompare3                          0x08003e2d   Thumb Code     4  stm32f10x_tim.o(.text)
    TIM_SetCompare4                          0x08003e31   Thumb Code     6  stm32f10x_tim.o(.text)
    TIM_SetClockDivision                     0x08003e37   Thumb Code    18  stm32f10x_tim.o(.text)
    TIM_GetCapture1                          0x08003e49   Thumb Code     6  stm32f10x_tim.o(.text)
    TIM_GetCapture2                          0x08003e4f   Thumb Code     6  stm32f10x_tim.o(.text)
    TIM_GetCapture3                          0x08003e55   Thumb Code     6  stm32f10x_tim.o(.text)
    TIM_GetCapture4                          0x08003e5b   Thumb Code     8  stm32f10x_tim.o(.text)
    TIM_GetCounter                           0x08003e63   Thumb Code     6  stm32f10x_tim.o(.text)
    TIM_GetPrescaler                         0x08003e69   Thumb Code     6  stm32f10x_tim.o(.text)
    TIM_GetFlagStatus                        0x08003e6f   Thumb Code    18  stm32f10x_tim.o(.text)
    TIM_ClearFlag                            0x08003e81   Thumb Code     6  stm32f10x_tim.o(.text)
    TIM_GetITStatus                          0x08003e87   Thumb Code    34  stm32f10x_tim.o(.text)
    TIM_ClearITPendingBit                    0x08003ea9   Thumb Code     6  stm32f10x_tim.o(.text)
    __use_no_semihosting                     0x08003eaf   Thumb Code     2  use_no_semi_2.o(.text)
    malloc                                   0x08003eb1   Thumb Code    94  h1_alloc.o(.text)
    free                                     0x08003f0f   Thumb Code    78  h1_free.o(.text)
    __use_two_region_memory                  0x08003f5d   Thumb Code     2  heapauxi.o(.text)
    __rt_heap_escrow                         0x08003f5f   Thumb Code     2  heapauxi.o(.text)
    __rt_heap_expand                         0x08003f61   Thumb Code     2  heapauxi.o(.text)
    __I$use$semihosting                      0x08003f63   Thumb Code     0  use_no_semi.o(.text)
    __use_no_semihosting_swi                 0x08003f63   Thumb Code     2  use_no_semi.o(.text)
    __rt_heap_descriptor                     0x08003f65   Thumb Code     8  rt_heap_descriptor_intlibspace.o(.text)
    __use_no_heap                            0x08003f6d   Thumb Code     2  hguard.o(.text)
    __heap$guard                             0x08003f6f   Thumb Code     2  hguard.o(.text)
    _terminate_user_alloc                    0x08003f71   Thumb Code     2  init_alloc.o(.text)
    _init_user_alloc                         0x08003f73   Thumb Code     2  init_alloc.o(.text)
    __Heap_Full                              0x08003f75   Thumb Code    34  init_alloc.o(.text)
    __Heap_Broken                            0x08003f97   Thumb Code     6  init_alloc.o(.text)
    _init_alloc                              0x08003f9d   Thumb Code    94  init_alloc.o(.text)
    __Heap_Initialize                        0x08003ffb   Thumb Code    10  h1_init.o(.text)
    __Heap_DescSize                          0x08004005   Thumb Code     4  h1_init.o(.text)
    __read_errno                             0x08004009   Thumb Code    10  _rserrno.o(.text)
    __set_errno                              0x08004013   Thumb Code    12  _rserrno.o(.text)
    __strtod_int                             0x0800405d   Thumb Code    88  strtod.o(.text)
    __user_libspace                          0x080040c1   Thumb Code     8  libspace.o(.text)
    __user_perproc_libspace                  0x080040c1   Thumb Code     0  libspace.o(.text)
    __user_perthread_libspace                0x080040c1   Thumb Code     0  libspace.o(.text)
    __aeabi_errno_addr                       0x080040c9   Thumb Code     8  rt_errno_addr_intlibspace.o(.text)
    __errno$intlibspace                      0x080040c9   Thumb Code     0  rt_errno_addr_intlibspace.o(.text)
    __rt_errno_addr$intlibspace              0x080040c9   Thumb Code     0  rt_errno_addr_intlibspace.o(.text)
    __Heap_ProvideMemory                     0x080040d1   Thumb Code    52  h1_extend.o(.text)
    isspace                                  0x08004105   Thumb Code    18  isspace.o(.text)
    _sgetc                                   0x08004117   Thumb Code    30  _sgetc.o(.text)
    _sbackspace                              0x08004135   Thumb Code    34  _sgetc.o(.text)
    __rt_SIGRTMEM                            0x08004157   Thumb Code    14  defsig_rtmem_outer.o(.text)
    __user_setup_stackheap                   0x08004165   Thumb Code    74  sys_stackheap_outer.o(.text)
    __rt_ctype_table                         0x080041b1   Thumb Code    16  rt_ctype_table.o(.text)
    _scanf_really_real                       0x080043bd   Thumb Code   668  scanf_fp.o(.text)
    exit                                     0x08004665   Thumb Code    12  exit.o(.text)
    __sig_exit                               0x08004671   Thumb Code    10  defsig_exit.o(.text)
    __rt_SIGRTMEM_inner                      0x0800467d   Thumb Code    22  defsig_rtmem_inner.o(.text)
    strcmp                                   0x080046cd   Thumb Code   128  strcmpv7m.o(.text)
    __rt_locale                              0x0800474d   Thumb Code     8  rt_locale_intlibspace.o(.text)
    _btod_etento                             0x08004755   Thumb Code   216  bigflt0.o(.text)
    __default_signal_display                 0x08004831   Thumb Code    50  defsig_general.o(.text)
    _scanf_really_hex_real                   0x08004865   Thumb Code   778  scanf_hexfp.o(.text)
    _scanf_really_infnan                     0x08004b7d   Thumb Code   292  scanf_infnan.o(.text)
    __aeabi_llsl                             0x08004cb1   Thumb Code     0  llshl.o(.text)
    _ll_shift_l                              0x08004cb1   Thumb Code    38  llshl.o(.text)
    _chval                                   0x08004cd7   Thumb Code    28  _chval.o(.text)
    __btod_div_common                        0x08004cf3   Thumb Code   696  btod.o(CL$$btod_div_common)
    _e2d                                     0x0800502d   Thumb Code    80  btod.o(CL$$btod_e2d)
    _e2e                                     0x08005081   Thumb Code   198  btod.o(CL$$btod_e2e)
    _btod_ediv                               0x08005147   Thumb Code    40  btod.o(CL$$btod_ediv)
    _btod_edivd                              0x0800516f   Thumb Code    40  btod.o(CL$$btod_edivd)
    _btod_emul                               0x08005197   Thumb Code    40  btod.o(CL$$btod_emul)
    _btod_emuld                              0x080051bf   Thumb Code    40  btod.o(CL$$btod_emuld)
    __btod_mult_common                       0x080051e7   Thumb Code   580  btod.o(CL$$btod_mult_common)
    __mathlib_dbl_overflow                   0x0800542b   Thumb Code    14  dunder.o(i.__mathlib_dbl_overflow)
    __mathlib_dbl_underflow                  0x08005439   Thumb Code    10  dunder.o(i.__mathlib_dbl_underflow)
    __mathlib_narrow                         0x08005449   Thumb Code    16  narrow.o(i.__mathlib_narrow)
    __mathlib_tofloat                        0x08005459   Thumb Code   132  narrow.o(i.__mathlib_tofloat)
    __support_ldexp                          0x080054e1   Thumb Code    22  ldexp.o(i.__support_ldexp)
    _is_digit                                0x080054f7   Thumb Code    14  scanf_fp.o(i._is_digit)
    atof                                     0x08005505   Thumb Code    42  atof.o(i.atof)
    frexp                                    0x08005531   Thumb Code    80  frexp.o(i.frexp)
    ldexp                                    0x08005589   Thumb Code   116  ldexp.o(i.ldexp)
    _get_lc_numeric                          0x080055fd   Thumb Code    44  lc_numeric_c.o(locale$$code)
    _get_lc_ctype                            0x08005629   Thumb Code    44  lc_ctype_c.o(locale$$code)
    __aeabi_d2f                              0x08005655   Thumb Code     0  d2f.o(x$fpl$d2f)
    _d2f                                     0x08005655   Thumb Code    98  d2f.o(x$fpl$d2f)
    __aeabi_dadd                             0x080056b9   Thumb Code     0  daddsub_clz.o(x$fpl$dadd)
    _dadd                                    0x080056b9   Thumb Code   332  daddsub_clz.o(x$fpl$dadd)
    __fpl_dcheck_NaN1                        0x08005809   Thumb Code    10  dcheck1.o(x$fpl$dcheck1)
    __fpl_dcmp_Inf                           0x08005819   Thumb Code    24  dcmpi.o(x$fpl$dcmpinf)
    __aeabi_ddiv                             0x08005831   Thumb Code     0  ddiv.o(x$fpl$ddiv)
    _ddiv                                    0x08005831   Thumb Code   552  ddiv.o(x$fpl$ddiv)
    __aeabi_cdcmpeq                          0x08005ae1   Thumb Code     0  deqf.o(x$fpl$deqf)
    _dcmpeq                                  0x08005ae1   Thumb Code   120  deqf.o(x$fpl$deqf)
    __aeabi_i2d                              0x08005b59   Thumb Code     0  dflt_clz.o(x$fpl$dflt)
    _dflt                                    0x08005b59   Thumb Code    46  dflt_clz.o(x$fpl$dflt)
    __aeabi_ui2d                             0x08005b87   Thumb Code     0  dflt_clz.o(x$fpl$dfltu)
    _dfltu                                   0x08005b87   Thumb Code    38  dflt_clz.o(x$fpl$dfltu)
    __aeabi_cdcmple                          0x08005bad   Thumb Code     0  dleqf.o(x$fpl$dleqf)
    _dcmple                                  0x08005bad   Thumb Code   120  dleqf.o(x$fpl$dleqf)
    __fpl_dcmple_InfNaN                      0x08005c0f   Thumb Code     0  dleqf.o(x$fpl$dleqf)
    __aeabi_dmul                             0x08005c25   Thumb Code     0  dmul.o(x$fpl$dmul)
    _dmul                                    0x08005c25   Thumb Code   332  dmul.o(x$fpl$dmul)
    __fpl_dnaninf                            0x08005d79   Thumb Code   156  dnaninf.o(x$fpl$dnaninf)
    __fpl_dretinf                            0x08005e15   Thumb Code    12  dretinf.o(x$fpl$dretinf)
    __aeabi_cdrcmple                         0x08005e21   Thumb Code     0  drleqf.o(x$fpl$drleqf)
    _drcmple                                 0x08005e21   Thumb Code   108  drleqf.o(x$fpl$drleqf)
    __aeabi_dsub                             0x08005e8d   Thumb Code     0  daddsub_clz.o(x$fpl$dsub)
    _dsub                                    0x08005e8d   Thumb Code   464  daddsub_clz.o(x$fpl$dsub)
    __aeabi_f2d                              0x08006061   Thumb Code     0  f2d.o(x$fpl$f2d)
    _f2d                                     0x08006061   Thumb Code    86  f2d.o(x$fpl$f2d)
    __aeabi_fadd                             0x080060b9   Thumb Code     0  faddsub_clz.o(x$fpl$fadd)
    _fadd                                    0x080060b9   Thumb Code   196  faddsub_clz.o(x$fpl$fadd)
    __fpl_fcmp_Inf                           0x0800617d   Thumb Code    24  fcmpi.o(x$fpl$fcmpinf)
    __aeabi_fdiv                             0x08006195   Thumb Code     0  fdiv.o(x$fpl$fdiv)
    _fdiv                                    0x08006195   Thumb Code   384  fdiv.o(x$fpl$fdiv)
    __aeabi_cfcmpeq                          0x08006319   Thumb Code     0  feqf.o(x$fpl$feqf)
    _fcmpeq                                  0x08006319   Thumb Code   104  feqf.o(x$fpl$feqf)
    __aeabi_f2iz                             0x08006381   Thumb Code     0  ffix.o(x$fpl$ffix)
    _ffix                                    0x08006381   Thumb Code    54  ffix.o(x$fpl$ffix)
    __aeabi_f2uiz                            0x080063b9   Thumb Code     0  ffixu.o(x$fpl$ffixu)
    _ffixu                                   0x080063b9   Thumb Code    62  ffixu.o(x$fpl$ffixu)
    __aeabi_i2f                              0x080063f9   Thumb Code     0  fflt_clz.o(x$fpl$fflt)
    _fflt                                    0x080063f9   Thumb Code    48  fflt_clz.o(x$fpl$fflt)
    __aeabi_ui2f                             0x08006429   Thumb Code     0  fflt_clz.o(x$fpl$ffltu)
    _ffltu                                   0x08006429   Thumb Code    38  fflt_clz.o(x$fpl$ffltu)
    __aeabi_cfcmple                          0x08006451   Thumb Code     0  fleqf.o(x$fpl$fleqf)
    _fcmple                                  0x08006451   Thumb Code   104  fleqf.o(x$fpl$fleqf)
    __fpl_fcmple_InfNaN                      0x080064a3   Thumb Code     0  fleqf.o(x$fpl$fleqf)
    __aeabi_fmul                             0x080064b9   Thumb Code     0  fmul.o(x$fpl$fmul)
    _fmul                                    0x080064b9   Thumb Code   258  fmul.o(x$fpl$fmul)
    __fpl_fnaninf                            0x080065bb   Thumb Code   140  fnaninf.o(x$fpl$fnaninf)
    __fpl_fretinf                            0x08006647   Thumb Code    10  fretinf.o(x$fpl$fretinf)
    __aeabi_cfrcmple                         0x08006651   Thumb Code     0  frleqf.o(x$fpl$frleqf)
    _frcmple                                 0x08006651   Thumb Code    98  frleqf.o(x$fpl$frleqf)
    __aeabi_frsub                            0x080066b3   Thumb Code     0  faddsub_clz.o(x$fpl$frsb)
    _frsb                                    0x080066b3   Thumb Code    20  faddsub_clz.o(x$fpl$frsb)
    __aeabi_fsub                             0x080066c9   Thumb Code     0  faddsub_clz.o(x$fpl$fsub)
    _fsub                                    0x080066c9   Thumb Code   234  faddsub_clz.o(x$fpl$fsub)
    __fpl_return_NaN                         0x080067b3   Thumb Code   100  retnan.o(x$fpl$retnan)
    __ARM_scalbn                             0x08006817   Thumb Code    92  scalbn.o(x$fpl$scalbn)
    _scanf_real                              0x08006873   Thumb Code     4  scanf1.o(x$fpl$scanf1)
    _scanf_hex_real                          0x08006877   Thumb Code     4  scanf2.o(x$fpl$scanf2)
    _scanf_infnan                            0x0800687b   Thumb Code     4  scanf2.o(x$fpl$scanf2)
    __fpl_cmpreturn                          0x0800687f   Thumb Code    48  trapv.o(x$fpl$trapveneer)
    CRC_H                                    0x080068ae   Data         256  protocol.o(.constdata)
    __I$use$fp                               0x080068ae   Number         0  usenofp.o(x$fpl$usenofp)
    CRC_L                                    0x080069ae   Data         256  protocol.o(.constdata)
    Region$$Table$$Base                      0x08006b44   Number         0  anon$$obj.o(Region$$Table)
    Region$$Table$$Limit                     0x08006b64   Number         0  anon$$obj.o(Region$$Table)
    __aeabi_HUGE_VAL                         0x08006b64   Data           0  fpconst.o(c$$dinf)
    __aeabi_HUGE_VALL                        0x08006b64   Data           0  fpconst.o(c$$dinf)
    __aeabi_INFINITY                         0x08006b64   Data           0  fpconst.o(c$$dinf)
    __dInf                                   0x08006b64   Data           0  fpconst.o(c$$dinf)
    __huge_val                               0x08006b64   Data           0  fpconst.o(c$$dinf)
    __ctype                                  0x08006b95   Data           0  lc_ctype_c.o(locale$$data)
    text                                     0x20000000   Data           4  main.o(.data)
    t                                        0x20000004   Data           4  main.o(.data)
    len                                      0x20000008   Data           4  main.o(.data)
    energe                                   0x2000000c   Data           4  main.o(.data)
    energe_t                                 0x20000010   Data           4  main.o(.data)
    thruster_v0                              0x20000014   Data           4  main.o(.data)
    thruster_v1                              0x20000018   Data           4  main.o(.data)
    thruster_v2                              0x2000001c   Data           4  main.o(.data)
    thruster_v3                              0x20000020   Data           4  main.o(.data)
    thruster_v4                              0x20000024   Data           4  main.o(.data)
    thruster_v5                              0x20000028   Data           4  main.o(.data)
    thruster_v6                              0x2000002c   Data           4  main.o(.data)
    thruster_v7                              0x20000030   Data           4  main.o(.data)
    pump_t                                   0x20000034   Data           4  main.o(.data)
    light_t                                  0x20000038   Data           4  main.o(.data)
    Count_10ms                               0x2000003c   Data           1  stm32f10x_it.o(.data)
    Count_50ms                               0x2000003d   Data           1  stm32f10x_it.o(.data)
    throttle11                               0x20000040   Data           4  stm32f10x_it.o(.data)
    throttle21                               0x20000044   Data           4  stm32f10x_it.o(.data)
    throttle51                               0x20000048   Data           4  stm32f10x_it.o(.data)
    throttle61                               0x2000004c   Data           4  stm32f10x_it.o(.data)
    SystemCoreClock                          0x20000050   Data           4  system_stm32f10x.o(.data)
    AHBPrescTable                            0x20000054   Data          16  system_stm32f10x.o(.data)
    kpp                                      0x20000064   Data           4  control.o(.data)
    kii                                      0x20000068   Data           4  control.o(.data)
    kdd                                      0x2000006c   Data           4  control.o(.data)
    throttle1                                0x20000070   Data           4  control.o(.data)
    throttle2                                0x20000074   Data           4  control.o(.data)
    throttle3                                0x20000078   Data           4  control.o(.data)
    throttle4                                0x2000007c   Data           4  control.o(.data)
    throttle5                                0x20000080   Data           4  control.o(.data)
    throttle6                                0x20000084   Data           4  control.o(.data)
    depth_flag                               0x20000088   Data           1  control.o(.data)
    Heading_flag                             0x20000089   Data           1  control.o(.data)
    depth_ess                                0x2000008c   Data           4  control.o(.data)
    depth_integration                        0x20000090   Data           4  control.o(.data)
    depth_eess                               0x20000094   Data           4  control.o(.data)
    depth_ess1                               0x20000098   Data           4  control.o(.data)
    motor_out                                0x2000009c   Data           4  control.o(.data)
    angle_actral                             0x200000a0   Data           2  control.o(.data)
    angle_ess                                0x200000a2   Data           2  control.o(.data)
    angle_integration                        0x200000a4   Data           2  control.o(.data)
    angle_eess                               0x200000a6   Data           2  control.o(.data)
    angle_ess1                               0x200000a8   Data           2  control.o(.data)
    angle_out                                0x200000aa   Data           2  control.o(.data)
    angle_ess_max                            0x200000ac   Data           2  control.o(.data)
    angle_ess_min                            0x200000ae   Data           2  control.o(.data)
    angle_integration_max                    0x200000b0   Data           2  control.o(.data)
    angle_integration_min                    0x200000b2   Data           2  control.o(.data)
    angle_eess_max                           0x200000b4   Data           2  control.o(.data)
    angle_eess_min                           0x200000b6   Data           2  control.o(.data)
    fixed                                    0x200000b8   Data           2  control.o(.data)
    depth_blance                             0x200000bc   Data           4  control.o(.data)
    depth_l                                  0x200000c0   Data           4  control.o(.data)
    shendu_actuals                           0x200000c4   Data           4  control.o(.data)
    test_dp                                  0x200000c8   Data           4  control.o(.data)
    test_di                                  0x200000cc   Data           4  control.o(.data)
    test_dd                                  0x200000d0   Data           4  control.o(.data)
    test_zp                                  0x200000d4   Data           4  control.o(.data)
    test_zi                                  0x200000d8   Data           4  control.o(.data)
    test_zd                                  0x200000dc   Data           4  control.o(.data)
    pid_count                                0x200000e0   Data           2  control.o(.data)
    zhuanxiang_test                          0x200000e4   Data           4  control.o(.data)
    zhuan_i                                  0x200000e8   Data           4  control.o(.data)
    zhuan_p                                  0x200000ec   Data           4  control.o(.data)
    zhuang_d                                 0x200000f0   Data           4  control.o(.data)
    zhuan_t                                  0x200000f4   Data           4  control.o(.data)
    targetDepth                              0x200000f8   Data           4  control.o(.data)
    hpid_rest_1                              0x200000fc   Data           1  control.o(.data)
    hpid_rest_2                              0x200000fd   Data           1  control.o(.data)
    qian_intre                               0x200000fe   Data           2  control.o(.data)
    qian_ess1                                0x20000100   Data           2  control.o(.data)
    direct2                                  0x20000102   Data           2  control.o(.data)
    ax                                       0x2000012c   Data           4  imu.o(.data)
    ay                                       0x20000130   Data           4  imu.o(.data)
    az                                       0x20000134   Data           4  imu.o(.data)
    gx                                       0x20000138   Data           4  imu.o(.data)
    gy                                       0x2000013c   Data           4  imu.o(.data)
    gz                                       0x20000140   Data           4  imu.o(.data)
    Qx                                       0x20000144   Data           4  imu.o(.data)
    Qy                                       0x20000148   Data           4  imu.o(.data)
    Qz                                       0x2000014c   Data           4  imu.o(.data)
    depth_R                                  0x20000150   Data           4  imu.o(.data)
    a                                        0x20000154   Data           4  imu.o(.data)
    Bsp_Int_Ok                               0x20000158   Data           1  tasks.o(.data)
    duoji                                    0x2000015c   Data           4  tasks.o(.data)
    duoji_text                               0x20000160   Data           4  tasks.o(.data)
    light_c                                  0x20000164   Data           4  tasks.o(.data)
    depth_c                                  0x20000168   Data           2  tasks.o(.data)
    angle_c                                  0x2000016a   Data           2  tasks.o(.data)
    forward_c                                0x2000016c   Data           2  tasks.o(.data)
    side_c                                   0x2000016e   Data           2  tasks.o(.data)
    direct_c                                 0x20000170   Data           2  tasks.o(.data)
    direct_c1                                0x20000172   Data           2  tasks.o(.data)
    direct_c2                                0x20000174   Data           2  tasks.o(.data)
    duoji_c                                  0x20000176   Data           2  tasks.o(.data)
    ok                                       0x20000178   Data           2  tasks.o(.data)
    start                                    0x2000017a   Data           2  tasks.o(.data)
    lightt                                   0x2000017c   Data           2  tasks.o(.data)
    Timer3_Count                             0x20000180   Data           4  timer3.o(.data)
    Timer3_Frequency                         0x20000184   Data           2  timer3.o(.data)
    TxCount                                  0x20000188   Data           1  uart.o(.data)
    Count                                    0x20000189   Data           1  uart.o(.data)
    com                                      0x2000018a   Data           1  uart.o(.data)
    Tx_Buff2                                 0x2000018b   Data           5  uart.o(.data)
    com_data1                                0x20000190   Data           1  uart.o(.data)
    com_data2                                0x20000191   Data           1  uart.o(.data)
    shendu_actual                            0x20000194   Data           4  uart.o(.data)
    temp                                     0x20000198   Data           4  uart.o(.data)
    __stdout                                 0x2000019c   Data           4  uart.o(.data)
    USART_RX_STA                             0x200001a0   Data           2  uart.o(.data)
    state_machine1                           0x200001a2   Data           1  uart.o(.data)
    lencnt1                                  0x200001a3   Data           1  uart.o(.data)
    state_machine2                           0x200001a4   Data           1  uart.o(.data)
    lencnt2                                  0x200001a5   Data           1  uart.o(.data)
    state_machine3                           0x200001a6   Data           1  uart.o(.data)
    lencnt3                                  0x200001a7   Data           1  uart.o(.data)
    USART_TX_BUF_2                           0x200001c0   Data          12  main.o(.bss)
    Heading                                  0x200001cc   Data          32  control.o(.bss)
    depth                                    0x200001ec   Data          32  control.o(.bss)
    pos                                      0x2000020c   Data          32  control.o(.bss)
    zhi                                      0x2000022c   Data          32  control.o(.bss)
    q_x                                      0x2000024c   Data          40  imu.o(.bss)
    q_y                                      0x20000274   Data          40  imu.o(.bss)
    q_z                                      0x2000029c   Data          40  imu.o(.bss)
    angle_f1                                 0x200002c4   Data          20  imu.o(.bss)
    angle_f                                  0x200002d8   Data          10  imu.o(.bss)
    Tx_Buff1                                 0x200002e2   Data          26  uart.o(.bss)
    Rx_Buffer1                               0x200002fc   Data          26  uart.o(.bss)
    Rx_Buffer2                               0x20000316   Data          26  uart.o(.bss)
    Rx_Buffer3                               0x20000330   Data          20  uart.o(.bss)
    USART_TX_BUF                             0x20000344   Data          26  uart.o(.bss)
    USART_RX_BUF                             0x2000035e   Data         200  uart.o(.bss)
    __libspace_start                         0x20000428   Data          96  libspace.o(.bss)
    __temporary_stack_top$libspace           0x20000488   Data           0  libspace.o(.bss)



==============================================================================

Memory Map of the image

  Image Entry point : 0x08000131

  Load Region LR_IROM1 (Base: 0x08000000, Size: 0x00006e58, Max: 0x00080000, ABSOLUTE, COMPRESSED[0x00006cc0])

    Execution Region ER_IROM1 (Base: 0x08000000, Size: 0x00006c98, Max: 0x00080000, ABSOLUTE)

    Base Addr    Size         Type   Attr      Idx    E Section Name        Object

    0x08000000   0x00000130   Data   RO          389    RESET               startup_stm32f10x_hd.o
    0x08000130   0x00000008   Code   RO          740  * !!!main             c_w.l(__main.o)
    0x08000138   0x00000034   Code   RO         1140    !!!scatter          c_w.l(__scatter.o)
    0x0800016c   0x0000003a   Code   RO         1138    !!dczerorl          c_w.l(__dczerorl.o)
    0x080001a6   0x00000002   PAD
    0x080001a8   0x0000001c   Code   RO         1142    !!handler_zi        c_w.l(__scatter_zi.o)
    0x080001c4   0x00000002   Code   RO          977    .ARM.Collect$$libinit$$00000000  c_w.l(libinit.o)
    0x080001c6   0x00000000   Code   RO          839    .ARM.Collect$$libinit$$00000002  c_w.l(libinit2.o)
    0x080001c6   0x00000000   Code   RO          841    .ARM.Collect$$libinit$$00000004  c_w.l(libinit2.o)
    0x080001c6   0x00000008   Code   RO          842    .ARM.Collect$$libinit$$00000005  c_w.l(libinit2.o)
    0x080001ce   0x00000000   Code   RO          844    .ARM.Collect$$libinit$$0000000A  c_w.l(libinit2.o)
    0x080001ce   0x00000000   Code   RO          846    .ARM.Collect$$libinit$$0000000C  c_w.l(libinit2.o)
    0x080001ce   0x00000000   Code   RO          848    .ARM.Collect$$libinit$$0000000E  c_w.l(libinit2.o)
    0x080001ce   0x00000006   Code   RO          849    .ARM.Collect$$libinit$$0000000F  c_w.l(libinit2.o)
    0x080001d4   0x00000000   Code   RO          851    .ARM.Collect$$libinit$$00000011  c_w.l(libinit2.o)
    0x080001d4   0x0000000c   Code   RO          852    .ARM.Collect$$libinit$$00000012  c_w.l(libinit2.o)
    0x080001e0   0x00000000   Code   RO          853    .ARM.Collect$$libinit$$00000013  c_w.l(libinit2.o)
    0x080001e0   0x00000000   Code   RO          855    .ARM.Collect$$libinit$$00000015  c_w.l(libinit2.o)
    0x080001e0   0x0000000a   Code   RO          856    .ARM.Collect$$libinit$$00000016  c_w.l(libinit2.o)
    0x080001ea   0x00000000   Code   RO          857    .ARM.Collect$$libinit$$00000017  c_w.l(libinit2.o)
    0x080001ea   0x00000000   Code   RO          859    .ARM.Collect$$libinit$$00000019  c_w.l(libinit2.o)
    0x080001ea   0x00000000   Code   RO          861    .ARM.Collect$$libinit$$0000001B  c_w.l(libinit2.o)
    0x080001ea   0x00000000   Code   RO          863    .ARM.Collect$$libinit$$0000001D  c_w.l(libinit2.o)
    0x080001ea   0x00000000   Code   RO          865    .ARM.Collect$$libinit$$0000001F  c_w.l(libinit2.o)
    0x080001ea   0x00000000   Code   RO          867    .ARM.Collect$$libinit$$00000021  c_w.l(libinit2.o)
    0x080001ea   0x00000000   Code   RO          869    .ARM.Collect$$libinit$$00000023  c_w.l(libinit2.o)
    0x080001ea   0x00000000   Code   RO          871    .ARM.Collect$$libinit$$00000025  c_w.l(libinit2.o)
    0x080001ea   0x00000000   Code   RO          875    .ARM.Collect$$libinit$$0000002C  c_w.l(libinit2.o)
    0x080001ea   0x00000000   Code   RO          877    .ARM.Collect$$libinit$$0000002E  c_w.l(libinit2.o)
    0x080001ea   0x00000000   Code   RO          879    .ARM.Collect$$libinit$$00000030  c_w.l(libinit2.o)
    0x080001ea   0x00000000   Code   RO          881    .ARM.Collect$$libinit$$00000032  c_w.l(libinit2.o)
    0x080001ea   0x00000002   Code   RO          882    .ARM.Collect$$libinit$$00000033  c_w.l(libinit2.o)
    0x080001ec   0x00000002   Code   RO         1096    .ARM.Collect$$libshutdown$$00000000  c_w.l(libshutdown.o)
    0x080001ee   0x00000000   Code   RO         1023    .ARM.Collect$$libshutdown$$00000003  c_w.l(libshutdown2.o)
    0x080001ee   0x00000000   Code   RO         1026    .ARM.Collect$$libshutdown$$00000006  c_w.l(libshutdown2.o)
    0x080001ee   0x00000000   Code   RO         1029    .ARM.Collect$$libshutdown$$00000009  c_w.l(libshutdown2.o)
    0x080001ee   0x00000000   Code   RO         1031    .ARM.Collect$$libshutdown$$0000000B  c_w.l(libshutdown2.o)
    0x080001ee   0x00000000   Code   RO         1034    .ARM.Collect$$libshutdown$$0000000E  c_w.l(libshutdown2.o)
    0x080001ee   0x00000002   Code   RO         1035    .ARM.Collect$$libshutdown$$0000000F  c_w.l(libshutdown2.o)
    0x080001f0   0x00000000   Code   RO          804    .ARM.Collect$$rtentry$$00000000  c_w.l(__rtentry.o)
    0x080001f0   0x00000000   Code   RO          900    .ARM.Collect$$rtentry$$00000002  c_w.l(__rtentry2.o)
    0x080001f0   0x00000006   Code   RO          912    .ARM.Collect$$rtentry$$00000004  c_w.l(__rtentry4.o)
    0x080001f6   0x00000000   Code   RO          902    .ARM.Collect$$rtentry$$00000009  c_w.l(__rtentry2.o)
    0x080001f6   0x00000004   Code   RO          903    .ARM.Collect$$rtentry$$0000000A  c_w.l(__rtentry2.o)
    0x080001fa   0x00000000   Code   RO          905    .ARM.Collect$$rtentry$$0000000C  c_w.l(__rtentry2.o)
    0x080001fa   0x00000008   Code   RO          906    .ARM.Collect$$rtentry$$0000000D  c_w.l(__rtentry2.o)
    0x08000202   0x00000002   Code   RO          978    .ARM.Collect$$rtexit$$00000000  c_w.l(rtexit.o)
    0x08000204   0x00000000   Code   RO         1054    .ARM.Collect$$rtexit$$00000002  c_w.l(rtexit2.o)
    0x08000204   0x00000004   Code   RO         1055    .ARM.Collect$$rtexit$$00000003  c_w.l(rtexit2.o)
    0x08000208   0x00000006   Code   RO         1056    .ARM.Collect$$rtexit$$00000004  c_w.l(rtexit2.o)
    0x0800020e   0x00000002   PAD
    0x08000210   0x00000000   Code   RO          921    .emb_text           c_w.l(maybetermalloc1.o)
    0x08000210   0x00000340   Code   RO            1    .text               main.o
    0x08000550   0x000001bc   Code   RO          133    .text               stm32f10x_it.o
    0x0800070c   0x000001e0   Code   RO          156    .text               system_stm32f10x.o
    0x080008ec   0x000006a8   Code   RO          174    .text               control.o
    0x08000f94   0x000002cc   Code   RO          235    .text               imu.o
    0x08001260   0x000001a4   Code   RO          259    .text               protocol.o
    0x08001404   0x00000328   Code   RO          282    .text               tasks.o
    0x0800172c   0x000003f0   Code   RO          304    .text               motor.o
    0x08001b1c   0x000000a0   Code   RO          320    .text               timer3.o
    0x08001bbc   0x00000390   Code   RO          339    .text               uart.o
    0x08001f4c   0x000000d4   Code   RO          362    .text               delay.o
    0x08002020   0x00000040   Code   RO          390    .text               startup_stm32f10x_hd.o
    0x08002060   0x000000dc   Code   RO          394    .text               misc.o
    0x0800213c   0x0000035c   Code   RO          406    .text               stm32f10x_gpio.o
    0x08002498   0x000003a4   Code   RO          418    .text               stm32f10x_rcc.o
    0x0800283c   0x00000408   Code   RO          432    .text               stm32f10x_usart.o
    0x08002c44   0x0000044e   Code   RO          444    .text               stm32f10x_adc.o
    0x08003092   0x00000002   PAD
    0x08003094   0x00000e1a   Code   RO          648    .text               stm32f10x_tim.o
    0x08003eae   0x00000002   Code   RO          674    .text               c_w.l(use_no_semi_2.o)
    0x08003eb0   0x0000005e   Code   RO          680    .text               c_w.l(h1_alloc.o)
    0x08003f0e   0x0000004e   Code   RO          682    .text               c_w.l(h1_free.o)
    0x08003f5c   0x00000006   Code   RO          738    .text               c_w.l(heapauxi.o)
    0x08003f62   0x00000002   Code   RO          800    .text               c_w.l(use_no_semi.o)
    0x08003f64   0x00000008   Code   RO          808    .text               c_w.l(rt_heap_descriptor_intlibspace.o)
    0x08003f6c   0x00000004   Code   RO          810    .text               c_w.l(hguard.o)
    0x08003f70   0x0000008a   Code   RO          812    .text               c_w.l(init_alloc.o)
    0x08003ffa   0x0000000e   Code   RO          816    .text               c_w.l(h1_init.o)
    0x08004008   0x00000016   Code   RO          830    .text               c_w.l(_rserrno.o)
    0x0800401e   0x00000002   PAD
    0x08004020   0x000000a0   Code   RO          832    .text               c_w.l(strtod.o)
    0x080040c0   0x00000008   Code   RO          896    .text               c_w.l(libspace.o)
    0x080040c8   0x00000008   Code   RO          917    .text               c_w.l(rt_errno_addr_intlibspace.o)
    0x080040d0   0x00000034   Code   RO          923    .text               c_w.l(h1_extend.o)
    0x08004104   0x00000012   Code   RO          927    .text               c_w.l(isspace.o)
    0x08004116   0x00000040   Code   RO          929    .text               c_w.l(_sgetc.o)
    0x08004156   0x0000000e   Code   RO          934    .text               c_w.l(defsig_rtmem_outer.o)
    0x08004164   0x0000004a   Code   RO          948    .text               c_w.l(sys_stackheap_outer.o)
    0x080041ae   0x00000002   PAD
    0x080041b0   0x00000010   Code   RO          950    .text               c_w.l(rt_ctype_table.o)
    0x080041c0   0x000004a4   Code   RO          956    .text               c_w.l(scanf_fp.o)
    0x08004664   0x0000000c   Code   RO          960    .text               c_w.l(exit.o)
    0x08004670   0x0000000a   Code   RO          962    .text               c_w.l(defsig_exit.o)
    0x0800467a   0x00000002   PAD
    0x0800467c   0x00000050   Code   RO          964    .text               c_w.l(defsig_rtmem_inner.o)
    0x080046cc   0x00000080   Code   RO          966    .text               c_w.l(strcmpv7m.o)
    0x0800474c   0x00000008   Code   RO          983    .text               c_w.l(rt_locale_intlibspace.o)
    0x08004754   0x000000dc   Code   RO          989    .text               c_w.l(bigflt0.o)
    0x08004830   0x00000032   Code   RO         1019    .text               c_w.l(defsig_general.o)
    0x08004862   0x00000002   PAD
    0x08004864   0x00000318   Code   RO         1060    .text               c_w.l(scanf_hexfp.o)
    0x08004b7c   0x00000134   Code   RO         1062    .text               c_w.l(scanf_infnan.o)
    0x08004cb0   0x00000026   Code   RO         1074    .text               c_w.l(llshl.o)
    0x08004cd6   0x0000001c   Code   RO         1076    .text               c_w.l(_chval.o)
    0x08004cf2   0x00000338   Code   RO         1002    CL$$btod_div_common  c_w.l(btod.o)
    0x0800502a   0x00000002   PAD
    0x0800502c   0x00000054   Code   RO         1000    CL$$btod_e2d        c_w.l(btod.o)
    0x08005080   0x000000c6   Code   RO          999    CL$$btod_e2e        c_w.l(btod.o)
    0x08005146   0x00000028   Code   RO          996    CL$$btod_ediv       c_w.l(btod.o)
    0x0800516e   0x00000028   Code   RO          998    CL$$btod_edivd      c_w.l(btod.o)
    0x08005196   0x00000028   Code   RO          995    CL$$btod_emul       c_w.l(btod.o)
    0x080051be   0x00000028   Code   RO          997    CL$$btod_emuld      c_w.l(btod.o)
    0x080051e6   0x00000244   Code   RO         1001    CL$$btod_mult_common  c_w.l(btod.o)
    0x0800542a   0x0000000e   Code   RO         1121    i.__mathlib_dbl_overflow  m_ws.l(dunder.o)
    0x08005438   0x00000010   Code   RO         1123    i.__mathlib_dbl_underflow  m_ws.l(dunder.o)
    0x08005448   0x00000010   Code   RO         1047    i.__mathlib_narrow  m_ws.l(narrow.o)
    0x08005458   0x00000088   Code   RO         1048    i.__mathlib_tofloat  m_ws.l(narrow.o)
    0x080054e0   0x00000016   Code   RO         1104    i.__support_ldexp   m_ws.l(ldexp.o)
    0x080054f6   0x0000000e   Code   RO          958    i._is_digit         c_w.l(scanf_fp.o)
    0x08005504   0x0000002a   Code   RO          797    i.atof              m_ws.l(atof.o)
    0x0800552e   0x00000002   PAD
    0x08005530   0x00000058   Code   RO         1071    i.frexp             m_ws.l(frexp.o)
    0x08005588   0x00000074   Code   RO         1105    i.ldexp             m_ws.l(ldexp.o)
    0x080055fc   0x0000002c   Code   RO          932    locale$$code        c_w.l(lc_numeric_c.o)
    0x08005628   0x0000002c   Code   RO         1015    locale$$code        c_w.l(lc_ctype_c.o)
    0x08005654   0x00000062   Code   RO          742    x$fpl$d2f           fz_ws.l(d2f.o)
    0x080056b6   0x00000002   PAD
    0x080056b8   0x00000150   Code   RO          744    x$fpl$dadd          fz_ws.l(daddsub_clz.o)
    0x08005808   0x00000010   Code   RO         1115    x$fpl$dcheck1       fz_ws.l(dcheck1.o)
    0x08005818   0x00000018   Code   RO         1097    x$fpl$dcmpinf       fz_ws.l(dcmpi.o)
    0x08005830   0x000002b0   Code   RO          751    x$fpl$ddiv          fz_ws.l(ddiv.o)
    0x08005ae0   0x00000078   Code   RO         1066    x$fpl$deqf          fz_ws.l(deqf.o)
    0x08005b58   0x0000002e   Code   RO          755    x$fpl$dflt          fz_ws.l(dflt_clz.o)
    0x08005b86   0x00000026   Code   RO          754    x$fpl$dfltu         fz_ws.l(dflt_clz.o)
    0x08005bac   0x00000078   Code   RO         1099    x$fpl$dleqf         fz_ws.l(dleqf.o)
    0x08005c24   0x00000154   Code   RO          760    x$fpl$dmul          fz_ws.l(dmul.o)
    0x08005d78   0x0000009c   Code   RO          883    x$fpl$dnaninf       fz_ws.l(dnaninf.o)
    0x08005e14   0x0000000c   Code   RO          885    x$fpl$dretinf       fz_ws.l(dretinf.o)
    0x08005e20   0x0000006c   Code   RO         1068    x$fpl$drleqf        fz_ws.l(drleqf.o)
    0x08005e8c   0x000001d4   Code   RO          746    x$fpl$dsub          fz_ws.l(daddsub_clz.o)
    0x08006060   0x00000056   Code   RO          762    x$fpl$f2d           fz_ws.l(f2d.o)
    0x080060b6   0x00000002   PAD
    0x080060b8   0x000000c4   Code   RO          764    x$fpl$fadd          fz_ws.l(faddsub_clz.o)
    0x0800617c   0x00000018   Code   RO          887    x$fpl$fcmpinf       fz_ws.l(fcmpi.o)
    0x08006194   0x00000184   Code   RO          771    x$fpl$fdiv          fz_ws.l(fdiv.o)
    0x08006318   0x00000068   Code   RO          774    x$fpl$feqf          fz_ws.l(feqf.o)
    0x08006380   0x00000036   Code   RO          776    x$fpl$ffix          fz_ws.l(ffix.o)
    0x080063b6   0x00000002   PAD
    0x080063b8   0x0000003e   Code   RO          780    x$fpl$ffixu         fz_ws.l(ffixu.o)
    0x080063f6   0x00000002   PAD
    0x080063f8   0x00000030   Code   RO          785    x$fpl$fflt          fz_ws.l(fflt_clz.o)
    0x08006428   0x00000026   Code   RO          784    x$fpl$ffltu         fz_ws.l(fflt_clz.o)
    0x0800644e   0x00000002   PAD
    0x08006450   0x00000068   Code   RO          790    x$fpl$fleqf         fz_ws.l(fleqf.o)
    0x080064b8   0x00000102   Code   RO          792    x$fpl$fmul          fz_ws.l(fmul.o)
    0x080065ba   0x0000008c   Code   RO          889    x$fpl$fnaninf       fz_ws.l(fnaninf.o)
    0x08006646   0x0000000a   Code   RO          891    x$fpl$fretinf       fz_ws.l(fretinf.o)
    0x08006650   0x00000062   Code   RO          794    x$fpl$frleqf        fz_ws.l(frleqf.o)
    0x080066b2   0x00000014   Code   RO          765    x$fpl$frsb          fz_ws.l(faddsub_clz.o)
    0x080066c6   0x00000002   PAD
    0x080066c8   0x000000ea   Code   RO          766    x$fpl$fsub          fz_ws.l(faddsub_clz.o)
    0x080067b2   0x00000064   Code   RO         1132    x$fpl$retnan        fz_ws.l(retnan.o)
    0x08006816   0x0000005c   Code   RO         1101    x$fpl$scalbn        fz_ws.l(scalbn.o)
    0x08006872   0x00000004   Code   RO          945    x$fpl$scanf1        fz_ws.l(scanf1.o)
    0x08006876   0x00000008   Code   RO         1041    x$fpl$scanf2        fz_ws.l(scanf2.o)
    0x0800687e   0x00000030   Code   RO         1134    x$fpl$trapveneer    fz_ws.l(trapv.o)
    0x080068ae   0x00000000   Code   RO          893    x$fpl$usenofp       fz_ws.l(usenofp.o)
    0x080068ae   0x00000200   Data   RO          260    .constdata          protocol.o
    0x08006aae   0x00000002   PAD
    0x08006ab0   0x00000094   Data   RO          990    .constdata          c_w.l(bigflt0.o)
    0x08006b44   0x00000020   Data   RO         1136    Region$$Table       anon$$obj.o
    0x08006b64   0x00000008   Data   RO         1036    c$$dinf             fz_ws.l(fpconst.o)
    0x08006b6c   0x0000001c   Data   RO          931    locale$$data        c_w.l(lc_numeric_c.o)
    0x08006b88   0x00000110   Data   RO         1014    locale$$data        c_w.l(lc_ctype_c.o)


    Execution Region RW_IRAM1 (Base: 0x20000000, Size: 0x00000a88, Max: 0x00010000, ABSOLUTE, COMPRESSED[0x00000028])

    Base Addr    Size         Type   Attr      Idx    E Section Name        Object

    0x20000000   0x0000003c   Data   RW            3    .data               main.o
    0x2000003c   0x00000014   Data   RW          134    .data               stm32f10x_it.o
    0x20000050   0x00000014   Data   RW          157    .data               system_stm32f10x.o
    0x20000064   0x000000c6   Data   RW          176    .data               control.o
    0x2000012a   0x00000002   PAD
    0x2000012c   0x0000002c   Data   RW          237    .data               imu.o
    0x20000158   0x00000026   Data   RW          283    .data               tasks.o
    0x2000017e   0x00000002   PAD
    0x20000180   0x00000006   Data   RW          321    .data               timer3.o
    0x20000186   0x00000002   PAD
    0x20000188   0x00000020   Data   RW          341    .data               uart.o
    0x200001a8   0x00000004   Data   RW          363    .data               delay.o
    0x200001ac   0x00000014   Data   RW          419    .data               stm32f10x_rcc.o
    0x200001c0   0x0000000c   Zero   RW            2    .bss                main.o
    0x200001cc   0x00000080   Zero   RW          175    .bss                control.o
    0x2000024c   0x00000096   Zero   RW          236    .bss                imu.o
    0x200002e2   0x00000144   Zero   RW          340    .bss                uart.o
    0x20000426   0x00000002   PAD
    0x20000428   0x00000060   Zero   RW          897    .bss                c_w.l(libspace.o)
    0x20000488   0x00000200   Zero   RW          388    HEAP                startup_stm32f10x_hd.o
    0x20000688   0x00000400   Zero   RW          387    STACK               startup_stm32f10x_hd.o


==============================================================================

Image component sizes


      Code (inc. data)   RO Data    RW Data    ZI Data      Debug   Object Name

      1704        244          0        198        128     218814   control.o
         0          0          0          0          0         32   core_cm3.o
       212         18          0          4          0        999   delay.o
       716         62          0         44        150       1977   imu.o
       832        112          0         60         12      50423   main.o
       220         22          0          0          0       1805   misc.o
      1008         48          0          0          0       2680   motor.o
       420         42        512          0          0       2745   protocol.o
        64         26        304          0       1536        788   startup_stm32f10x_hd.o
      1102         26          0          0          0      10841   stm32f10x_adc.o
       860         38          0          0          0       5649   stm32f10x_gpio.o
       444         54          0         20          0       1910   stm32f10x_it.o
       932         36          0         20          0       8824   stm32f10x_rcc.o
      3610         88          0          0          0      22136   stm32f10x_tim.o
      1032         22          0          0          0       8376   stm32f10x_usart.o
       480         38          0         20          0       1743   system_stm32f10x.o
       808         80          0         38          0       2418   tasks.o
       160         18          0          6          0       1017   timer3.o
       912         62          0         32        324       5036   uart.o

    ----------------------------------------------------------------------
     15518       1036        850        448       2152     348213   Object Totals
         0          0         32          0          0          0   (incl. Generated)
         2          0          2          6          2          0   (incl. Padding)

    ----------------------------------------------------------------------

      Code (inc. data)   RO Data    RW Data    ZI Data      Debug   Library Member Name

        58          0          0          0          0          0   __dczerorl.o
         8          0          0          0          0         68   __main.o
         0          0          0          0          0          0   __rtentry.o
        12          0          0          0          0          0   __rtentry2.o
         6          0          0          0          0          0   __rtentry4.o
        52          8          0          0          0          0   __scatter.o
        28          0          0          0          0          0   __scatter_zi.o
        28          0          0          0          0         68   _chval.o
        22          0          0          0          0        100   _rserrno.o
        64          0          0          0          0         84   _sgetc.o
       220          4        148          0          0         96   bigflt0.o
      1846        132          0          0          0        736   btod.o
        10          0          0          0          0         68   defsig_exit.o
        50          0          0          0          0         88   defsig_general.o
        80         58          0          0          0         76   defsig_rtmem_inner.o
        14          0          0          0          0         80   defsig_rtmem_outer.o
        12          0          0          0          0         72   exit.o
        94          0          0          0          0         80   h1_alloc.o
        52          0          0          0          0         68   h1_extend.o
        78          0          0          0          0         80   h1_free.o
        14          0          0          0          0         84   h1_init.o
         6          0          0          0          0        152   heapauxi.o
         4          0          0          0          0        136   hguard.o
       138          0          0          0          0        168   init_alloc.o
        18          0          0          0          0         76   isspace.o
        44         10        272          0          0         76   lc_ctype_c.o
        44         10         28          0          0         76   lc_numeric_c.o
         2          0          0          0          0          0   libinit.o
        38          0          0          0          0          0   libinit2.o
         2          0          0          0          0          0   libshutdown.o
         2          0          0          0          0          0   libshutdown2.o
         8          4          0          0         96         68   libspace.o
        38          0          0          0          0         68   llshl.o
         0          0          0          0          0          0   maybetermalloc1.o
        16          4          0          0          0         76   rt_ctype_table.o
         8          4          0          0          0         68   rt_errno_addr_intlibspace.o
         8          4          0          0          0         68   rt_heap_descriptor_intlibspace.o
         8          4          0          0          0         68   rt_locale_intlibspace.o
         2          0          0          0          0          0   rtexit.o
        10          0          0          0          0          0   rtexit2.o
      1202         12          0          0          0        216   scanf_fp.o
       792         14          0          0          0        100   scanf_hexfp.o
       308         16          0          0          0        100   scanf_infnan.o
       128          0          0          0          0         68   strcmpv7m.o
       160         12          0          0          0        120   strtod.o
        74          0          0          0          0         80   sys_stackheap_outer.o
         2          0          0          0          0         68   use_no_semi.o
         2          0          0          0          0         68   use_no_semi_2.o
        98          4          0          0          0         92   d2f.o
       804         16          0          0          0        272   daddsub_clz.o
        16          4          0          0          0         68   dcheck1.o
        24          0          0          0          0         68   dcmpi.o
       688        140          0          0          0        208   ddiv.o
       120          4          0          0          0         92   deqf.o
        84          0          0          0          0        136   dflt_clz.o
       120          4          0          0          0         92   dleqf.o
       340         12          0          0          0        104   dmul.o
       156          4          0          0          0         92   dnaninf.o
        12          0          0          0          0         68   dretinf.o
       108          0          0          0          0         80   drleqf.o
        86          4          0          0          0         84   f2d.o
       450          8          0          0          0        236   faddsub_clz.o
        24          0          0          0          0         68   fcmpi.o
       388         76          0          0          0         96   fdiv.o
       104          4          0          0          0         84   feqf.o
        54          4          0          0          0         84   ffix.o
        62          4          0          0          0         84   ffixu.o
        86          0          0          0          0        136   fflt_clz.o
       104          4          0          0          0         84   fleqf.o
       258          4          0          0          0         84   fmul.o
       140          4          0          0          0         84   fnaninf.o
         0          0          8          0          0          0   fpconst.o
        10          0          0          0          0         68   fretinf.o
        98          0          0          0          0         68   frleqf.o
       100          0          0          0          0         68   retnan.o
        92          0          0          0          0         68   scalbn.o
         4          0          0          0          0         68   scanf1.o
         8          0          0          0          0         84   scanf2.o
        48          0          0          0          0         68   trapv.o
         0          0          0          0          0          0   usenofp.o
        42          0          0          0          0         84   atof.o
        30          6          0          0          0        136   dunder.o
        88          8          0          0          0         76   frexp.o
       138          0          0          0          0        160   ldexp.o
       152          4          0          0          0        168   narrow.o

    ----------------------------------------------------------------------
     10976        616        456          0         96       7380   Library Totals
        28          2          0          0          0          0   (incl. Padding)

    ----------------------------------------------------------------------

      Code (inc. data)   RO Data    RW Data    ZI Data      Debug   Library Name

      5812        296        448          0         96       3768   c_w.l
      4686        300          8          0          0       2988   fz_ws.l
       450         18          0          0          0        624   m_ws.l

    ----------------------------------------------------------------------
     10976        616        456          0         96       7380   Library Totals

    ----------------------------------------------------------------------

==============================================================================


      Code (inc. data)   RO Data    RW Data    ZI Data      Debug   

     26494       1652       1306        448       2248     349661   Grand Totals
     26494       1652       1306         40       2248     349661   ELF Image Totals (compressed)
     26494       1652       1306         40          0          0   ROM Totals

==============================================================================

    Total RO  Size (Code + RO Data)                27800 (  27.15kB)
    Total RW  Size (RW Data + ZI Data)              2696 (   2.63kB)
    Total ROM Size (Code + RO Data + RW Data)      27840 (  27.19kB)

==============================================================================

